2025-10-03 16:34:05 - Executing: make destroy V=1
----------------------------------------
workflows/sysbench/Makefile:67: warning: overriding recipe for target 'monitor-results'
workflows/sysbench/Makefile:51: warning: ignoring old recipe for target 'monitor-results'
==> [destroy_guestfs]
+ ansible-playbook --limit baseline:dev:service playbooks/guestfs.yml --extra-vars=@./extra_vars.yaml --tags destroy
[WARNING]: While constructing a mapping from
/data1-xfs/dagomez/kdevops/extra_vars.yaml, line 2, column 1, found a duplicate
dict key (qemu_bin_path). Using last defined value only.
[WARNING]: Could not match supplied host pattern, ignoring: service
[WARNING]: Collection community.general does not support Ansible version
2.14.18
[WARNING]: Collection ansible.posix does not support Ansible version 2.14.18
PLAY: MANAGE INFRASTRUCTURE LIFECYCLE AND SSH ACCESS WITH LIBVIRT/GUESTFS
TASK: Gathering Facts [kci-18051236464-20-xfs-reflink-4k,kci-18051236464-20-xfs-reflink-4k-dev]
⠀⠀✓ [kci-18051236464-20-xfs-reflink-4k]
⠀⠀✓ [kci-18051236464-20-xfs-reflink-4k-dev]
TASK: Gather the list of running libvirt guests [kci-18051236464-20-xfs-reflink-4k,kci-18051236464-20-xfs-reflink-4k-dev]
⠀⠀✓ [kci-18051236464-20-xfs-reflink-4k]
TASK:  [kci-18051236464-20-xfs-reflink-4k,kci-18051236464-20-xfs-reflink-4k-dev]
⠀⠀✓ [kci-18051236464-20-xfs-reflink-4k]
⠀⠀✓ [kci-18051236464-20-xfs-reflink-4k-dev]
TASK: Gather the list of stopped libvirt guests [kci-18051236464-20-xfs-reflink-4k,kci-18051236464-20-xfs-reflink-4k-dev]
⠀⠀✓ [kci-18051236464-20-xfs-reflink-4k]
TASK:  [kci-18051236464-20-xfs-reflink-4k,kci-18051236464-20-xfs-reflink-4k-dev]
⠀⠀✓ [kci-18051236464-20-xfs-reflink-4k-dev]
⠀⠀✓ [kci-18051236464-20-xfs-reflink-4k]
TASK:  [kci-18051236464-20-xfs-reflink-4k,kci-18051236464-20-xfs-reflink-4k-dev]
⠀⠀✓ [kci-18051236464-20-xfs-reflink-4k]
⠀⠀✓ [kci-18051236464-20-xfs-reflink-4k-dev]
TASK:  [kci-18051236464-20-xfs-reflink-4k,kci-18051236464-20-xfs-reflink-4k-dev]

TASK [guestfs : Remove per-node configuration files] ***************************
changed: [kci-18051236464-20-xfs-reflink-4k -> localhost] => (item=/data1-xfs/dagomez/kdevops/guestfs/kci-18051236464-20-xfs-reflink-4k)
changed: [kci-18051236464-20-xfs-reflink-4k-dev -> localhost] => (item=/data1-xfs/dagomez/kdevops/guestfs/kci-18051236464-20-xfs-reflink-4k-dev)
changed: [kci-18051236464-20-xfs-reflink-4k -> localhost] => (item=/data1-xfs/libvirt/images/kdevops/guestfs/kci-18051236464-20-xfs-reflink-4k)
⠀⠀✓ [host]
changed: [kci-18051236464-20-xfs-reflink-4k-dev -> localhost] => (item=/data1-xfs/libvirt/images/kdevops/guestfs/kci-18051236464-20-xfs-reflink-4k-dev)
⠀⠀✓ [host]
TASK:  [kci-18051236464-20-xfs-reflink-4k,kci-18051236464-20-xfs-reflink-4k-dev]

TASK [guestfs : Remove global configuration files] *****************************
changed: [kci-18051236464-20-xfs-reflink-4k -> localhost] => (item=/home/dagomez/.ssh/config_kdevops_ee608f589adb0578fd0ca5734560cd8fc953761b2578913c775b1ebcec66f0ab)
changed: [kci-18051236464-20-xfs-reflink-4k -> localhost] => (item=/data1-xfs/dagomez/kdevops/guestfs/kdevops_nodes.yaml)
⠀⠀✓ [host]
PLAYBOOK SUMMARY
================
STATUS        OK  CHANGED  FAILED  HOST
OK             8        4       0  kci-18051236464-20-xfs-reflink-4k
OK             5        3       0  kci-18051236464-20-xfs-reflink-4k-dev

TASKS RECAP ********************************************************************
Friday 03 October 2025  16:34:17 -0400 (0:00:10.857)       0:00:10.857 ******** 
=============================================================================== 
Gathering Facts --------------------------------------------------------- 2.32s
guestfs : Shut down each running target node ---------------------------- 2.25s
guestfs : Clean up storage volumes for target nodes --------------------- 1.87s
guestfs : Undefine each stopped target node ----------------------------- 1.41s
guestfs : Remove per-node configuration files --------------------------- 1.37s
guestfs : Remove global configuration files ----------------------------- 0.64s
guestfs : Gather the list of running libvirt guests --------------------- 0.54s
guestfs : Gather the list of stopped libvirt guests --------------------- 0.41s
==> [destroy_guestfs]
+ rm -f .provisioned_once_ssh .provisioned_once_devconfig
----------------------------------------

2025-10-03 16:34:17 - Executing: make mrproper V=1
----------------------------------------
workflows/sysbench/Makefile:67: warning: overriding recipe for target 'monitor-results'
workflows/sysbench/Makefile:51: warning: ignoring old recipe for target 'monitor-results'
==> [mrproper]
+ make -f scripts/build.Makefile clean
==> [mrproper]
+ make -C scripts/kconfig/ clean
==> [mrproper]
+ rm -f '*.o'
==> [mrproper]
+ make -f scripts/build.Makefile mrproper
==> [mrproper]
+ rm -rf /data1-xfs/dagomez/kdevops/include/config/
==> [mrproper]
+ rm -rf /data1-xfs/dagomez/kdevops/include/generated/
==> [mrproper]
+ rm -f .config
==> [mrproper]
+ rm -f .kdevops.depcheck
==> [mrproper]
+ rm -f 'terraform/*/terraform.tfstat*'
==> [mrproper]
+ rm -f 'terraform/*/terraform.tfvars'
==> [mrproper]
+ rm -rf 'terraform/*/.terraform'
==> [mrproper]
+ rm -f 'terraform/*/.terraform.lock.hcl'
==> [mrproper]
+ rm -f guestfs/kdevops_nodes.yaml
==> [mrproper]
+ rm -f /data1-xfs/dagomez/kdevops/hosts Kconfig.passthrough_libvirt.generated terraform/lambdalabs/kconfigs/Kconfig.compute.generated terraform/lambdalabs/kconfigs/Kconfig.location.generated terraform/lambdalabs/kconfigs/Kconfig.images.generated .provisioned_once_ssh .provisioned_once_devconfig
==> [mrproper]
+ rm -f .config .config.old extra_vars.yaml /data1-xfs/dagomez/kdevops/.extra_vars_auto.yaml
==> [mrproper]
+ rm -f /data1-xfs/dagomez/kdevops/ansible.cfg
==> [mrproper]
+ rm -f playbooks/secret.yml
==> [mrproper]
+ rm -rf include
==> [mrproper]
+ rm -rf guestfs
==> [mrproper]
+ make -f scripts/gen-refs-default.Makefile _refs-default-clean
==> [mrproper]
+ rm --force workflows/linux/refs/default/Kconfig.linus
==> [mrproper]
+ rm --force workflows/linux/refs/default/Kconfig.next
==> [mrproper]
+ rm --force workflows/linux/refs/default/Kconfig.stable
----------------------------------------

2025-10-03 16:34:17 - Executing: make dynamic_pcipassthrough_kconfig V=1 KDEVOPS_ENABLE_PCIE_KCONFIG=1
----------------------------------------
==> [dynamic_pcipassthrough_kconfig]
+ ansible-playbook playbooks/gen-pci-kconfig.yml --extra-vars '{ "topdir_path": /data1-xfs/dagomez/kdevops , "kdevops_pcie_dynamic_kconfig": True }'
[WARNING]: provided hosts list is empty, only localhost is available. Note that
the implicit localhost does not match 'all'

PLAY [Generate dynamic PCI-E passthrough Kconfig files for libvirt guests] *****

TASK [Gathering Facts] *********************************************************
ok: [localhost]

TASK [gen_pci_kconfig : Dump pci output in machine-readible form] **************
changed: [localhost]

TASK [gen_pci_kconfig : Generate libvirt PCI-E kcofig files] *******************
changed: [localhost]

PLAY RECAP *********************************************************************
localhost                  : ok=3    changed=2    unreachable=0    failed=0    skipped=0    rescued=0    ignored=0   

----------------------------------------

2025-10-03 16:34:19 - Executing: make defconfig-sysbench-postgresql-atomic-tps-variability V=1
----------------------------------------
make -C scripts/kconfig conf
cc -Wall -Wmissing-prototypes -Wstrict-prototypes -O2 -fomit-frame-pointer -I ./   -c -o lexer.lex.o lexer.lex.c
cc -Wall -Wmissing-prototypes -Wstrict-prototypes -O2 -fomit-frame-pointer -I ./   -c -o parser.tab.o parser.tab.c
cc -Wall -Wmissing-prototypes -Wstrict-prototypes -O2 -fomit-frame-pointer -I ./   -c -o confdata.o confdata.c
confdata.c: In function ‘conf_value_to_yaml’:
confdata.c:672:21: warning: implicit declaration of function ‘asprintf’; did you mean ‘vsprintf’? [-Wimplicit-function-declaration]
  672 |                 if (asprintf(&yaml_value, "0x%s", val) < 0)
      |                     ^~~~~~~~
      |                     vsprintf
cc -Wall -Wmissing-prototypes -Wstrict-prototypes -O2 -fomit-frame-pointer -I ./   -c -o expr.o expr.c
cc -Wall -Wmissing-prototypes -Wstrict-prototypes -O2 -fomit-frame-pointer -I ./   -c -o menu.o menu.c
cc -Wall -Wmissing-prototypes -Wstrict-prototypes -O2 -fomit-frame-pointer -I ./   -c -o preprocess.o preprocess.c
cc -Wall -Wmissing-prototypes -Wstrict-prototypes -O2 -fomit-frame-pointer -I ./   -c -o symbol.o symbol.c
cc -Wall -Wmissing-prototypes -Wstrict-prototypes -O2 -fomit-frame-pointer -I ./   -c -o util.o util.c
cc -Wall -Wmissing-prototypes -Wstrict-prototypes -O2 -fomit-frame-pointer -I ./   -c -o conf.o conf.c
cc -o conf -I./ lexer.lex.o parser.tab.o confdata.o expr.o menu.o preprocess.o symbol.o util.o conf.o
==> [include/config/project.release]
+ set -e
+ mkdir -p include/config/
++ scripts/kconfig/setlocalversion /data1-xfs/dagomez/kdevops
+ echo 5.0.2-g9146f5e6
+ '[' -r include/config/project.release ']'
+ : '  UPD     include/config/project.release'
+ mv -f include/config/project.release.tmp include/config/project.release
==> [gen_refs_def_mainline]
+ ./scripts/generate_refs.py --prefix BOOTLINUX_TREE_LINUS --output workflows/linux/refs/default/Kconfig.linus --extra workflows/linux/refs/static/linus.yaml --debug kreleases --moniker mainline --pname kdevops --pversion 5.0.2
DEBUG:root:Connection to kernel.org on port 80 succeeded!
DEBUG:root:Generating...
DEBUG:root:static: master
DEBUG:root:static: v6.6-rc2
DEBUG:root:static: v6.6-rc4
DEBUG:root:static: v6.6-rc5
DEBUG:root:static: v6.8-rc2
DEBUG:root:static: v6.9-rc2
DEBUG:root:static: v6.9-rc4
DEBUG:root:static: v6.9-rc5
DEBUG:root:static: v6.9-rc6
DEBUG:root:9: v6.17
==> [gen_refs_def_next]
+ ./scripts/generate_refs.py --prefix BOOTLINUX_TREE_NEXT --output workflows/linux/refs/default/Kconfig.next --extra workflows/linux/refs/static/next.yaml --debug kreleases --moniker linux-next --pname kdevops --pversion 5.0.2
DEBUG:root:Connection to kernel.org on port 80 succeeded!
DEBUG:root:Generating...
DEBUG:root:static: master
DEBUG:root:static: next-20250328
DEBUG:root:static: fs-current
DEBUG:root:static: fs-next
DEBUG:root:4: next-20251003
==> [gen_refs_def_stable]
+ ./scripts/generate_refs.py --prefix BOOTLINUX_TREE_STABLE --output workflows/linux/refs/default/Kconfig.stable --extra workflows/linux/refs/static/stable.yaml --debug kreleases --moniker stable --pname kdevops --pversion 5.0.2
DEBUG:root:Connection to kernel.org on port 80 succeeded!
DEBUG:root:Generating...
DEBUG:root:static: v4.19.133
DEBUG:root:static: v5.4.210
DEBUG:root:static: v5.10.105
DEBUG:root:static: v5.14.4
DEBUG:root:static: v5.17-rc7
DEBUG:root:static: v5.19-rc4
DEBUG:root:static: v6.0.9
DEBUG:root:static: linux-6.1.y
DEBUG:root:static: linux-6.6.y
DEBUG:root:9: v6.16.10
==> [dynamic_pcipassthrough_kconfig_touch]
+ touch Kconfig.passthrough_libvirt.generated
==> [dynamic_lambdalabs_kconfig_touch]
+ touch terraform/lambdalabs/kconfigs/Kconfig.compute.generated terraform/lambdalabs/kconfigs/Kconfig.location.generated terraform/lambdalabs/kconfigs/Kconfig.images.generated
#
# configuration written to .config
#
#
# yaml configuration written to /data1-xfs/dagomez/kdevops/.extra_vars_auto.yaml
#
----------------------------------------

2025-10-03 16:34:29 - Executing: ./scripts/kconfig/merge_config.sh -n .config defconfigs/configs/linux_kdevops.config defconfigs/configs/diy.config defconfigs/configs/monitor_smart_log.config defconfigs/configs/monitor_ocp_smart.config defconfigs/configs/sysbench-postgresql-4k.config defconfigs/configs/dagomez.config defconfigs/configs/pci.config defconfigs/configs/linux_v6.15.config defconfigs/configs/pci2.config
----------------------------------------
Using .config as base
Merging defconfigs/configs/linux_kdevops.config
Value of CONFIG_BOOTLINUX_USE_CONFIG_FRAGMENTS is redefined by fragment defconfigs/configs/linux_kdevops.config:
Previous value: # CONFIG_BOOTLINUX_USE_CONFIG_FRAGMENTS is not set
New value: CONFIG_BOOTLINUX_USE_CONFIG_FRAGMENTS=y

Merging defconfigs/configs/diy.config
Value of CONFIG_ANSIBLE_CFG_CALLBACK_PLUGIN_DIY is redefined by fragment defconfigs/configs/diy.config:
Previous value: # CONFIG_ANSIBLE_CFG_CALLBACK_PLUGIN_DIY is not set
New value: CONFIG_ANSIBLE_CFG_CALLBACK_PLUGIN_DIY=y

Value of CONFIG_ANSIBLE_CFG_CALLBACK_PLUGIN_DISPLAY_OK_HOSTS is redefined by fragment defconfigs/configs/diy.config:
Previous value: CONFIG_ANSIBLE_CFG_CALLBACK_PLUGIN_DISPLAY_OK_HOSTS=y
New value: CONFIG_ANSIBLE_CFG_CALLBACK_PLUGIN_DISPLAY_OK_HOSTS=n

Value of CONFIG_ANSIBLE_CFG_CALLBACK_PLUGIN_DISPLAY_FAILED_STDERR is redefined by fragment defconfigs/configs/diy.config:
Previous value: # CONFIG_ANSIBLE_CFG_CALLBACK_PLUGIN_DISPLAY_FAILED_STDERR is not set
New value: CONFIG_ANSIBLE_CFG_CALLBACK_PLUGIN_DISPLAY_FAILED_STDERR=y

Merging defconfigs/configs/monitor_smart_log.config
Value of CONFIG_ENABLE_MONITORING is redefined by fragment defconfigs/configs/monitor_smart_log.config:
Previous value: # CONFIG_ENABLE_MONITORING is not set
New value: CONFIG_ENABLE_MONITORING=y

Merging defconfigs/configs/monitor_ocp_smart.config
Merging defconfigs/configs/sysbench-postgresql-4k.config
Value of CONFIG_LIBVIRT_EXTRA_STORAGE_DRIVE_NVME is redefined by fragment defconfigs/configs/sysbench-postgresql-4k.config:
Previous value: # CONFIG_LIBVIRT_EXTRA_STORAGE_DRIVE_NVME is not set
New value: CONFIG_LIBVIRT_EXTRA_STORAGE_DRIVE_NVME=y

Value of CONFIG_SYSBENCH_XFS_SECTION_REFLINK_4K is redefined by fragment defconfigs/configs/sysbench-postgresql-4k.config:
Previous value: # CONFIG_SYSBENCH_XFS_SECTION_REFLINK_4K is not set
New value: CONFIG_SYSBENCH_XFS_SECTION_REFLINK_4K=y

Value of CONFIG_SYSBENCH_TEST_DURATION is redefined by fragment defconfigs/configs/sysbench-postgresql-4k.config:
Previous value: CONFIG_SYSBENCH_TEST_DURATION=3600
New value: CONFIG_SYSBENCH_TEST_DURATION=600

Value of CONFIG_SYSBENCH_DEVICE_BASELINE is redefined by fragment defconfigs/configs/sysbench-postgresql-4k.config:
Previous value: CONFIG_SYSBENCH_DEVICE_BASELINE="/dev/disk/by-id/virtio-kdevops1"
New value: CONFIG_SYSBENCH_DEVICE_BASELINE="/dev/disk/by-id/nvme-QEMU_NVMe_Ctrl_kdevops1"

Value of CONFIG_SYSBENCH_DEVICE_DEV is redefined by fragment defconfigs/configs/sysbench-postgresql-4k.config:
Previous value: CONFIG_SYSBENCH_DEVICE_DEV="/dev/disk/by-id/virtio-kdevops1"
New value: CONFIG_SYSBENCH_DEVICE_DEV="/dev/disk/by-id/nvme-QEMU_NVMe_Ctrl_kdevops1"

Merging defconfigs/configs/dagomez.config
Value of CONFIG_KDEVOPS_HOSTS_PREFIX is redefined by fragment defconfigs/configs/dagomez.config:
Previous value: CONFIG_KDEVOPS_HOSTS_PREFIX="kdevops"
New value: CONFIG_KDEVOPS_HOSTS_PREFIX="dagomez"

Merging defconfigs/configs/pci.config
Value of CONFIG_KDEVOPS_LIBVIRT_PCIE_PASSTHROUGH is redefined by fragment defconfigs/configs/pci.config:
Previous value: # CONFIG_KDEVOPS_LIBVIRT_PCIE_PASSTHROUGH is not set
New value: CONFIG_KDEVOPS_LIBVIRT_PCIE_PASSTHROUGH=y

Merging defconfigs/configs/linux_v6.15.config
Value of CONFIG_BOOTLINUX_CUSTOM is redefined by fragment defconfigs/configs/linux_v6.15.config:
Previous value: # CONFIG_BOOTLINUX_CUSTOM is not set
New value: CONFIG_BOOTLINUX_CUSTOM=y

Value of CONFIG_LATEST_BOOTLINUX_TREE_REF is redefined by fragment defconfigs/configs/linux_v6.15.config:
Previous value: CONFIG_LATEST_BOOTLINUX_TREE_REF="master"
New value: CONFIG_LATEST_BOOTLINUX_TREE_REF="v6.15"

Value of CONFIG_BOOTLINUX_TREE_REF is redefined by fragment defconfigs/configs/linux_v6.15.config:
Previous value: CONFIG_BOOTLINUX_TREE_REF="master"
New value: CONFIG_BOOTLINUX_TREE_REF="v6.15"

Merging defconfigs/configs/pci2.config
Value of CONFIG_SYSBENCH_DEVICE_BASELINE is redefined by fragment defconfigs/configs/pci2.config:
Previous value: CONFIG_SYSBENCH_DEVICE_BASELINE="/dev/disk/by-id/nvme-QEMU_NVMe_Ctrl_kdevops1"
New value: CONFIG_SYSBENCH_DEVICE_BASELINE="/dev/disk/by-id/nvme-Dell_NVMe_FIPS_BM1743_QLC_U.2_61.44TB_S7PBNG0X500901"

workflows/sysbench/Makefile:67: warning: overriding recipe for target 'monitor-results'
workflows/sysbench/Makefile:51: warning: ignoring old recipe for target 'monitor-results'
/data1-xfs/dagomez/kdevops/scripts/kconfig/conf --allnoconfig Kconfig
#
# configuration written to .config
#
#
# yaml configuration written to /data1-xfs/dagomez/kdevops/.extra_vars_auto.yaml
#
Value requested for CONFIG_LIBVIRT_EXTRA_STORAGE_DRIVE_VIRTIO not in final .config
Requested value:  CONFIG_LIBVIRT_EXTRA_STORAGE_DRIVE_VIRTIO=y
Actual value:     # CONFIG_LIBVIRT_EXTRA_STORAGE_DRIVE_VIRTIO is not set

Value requested for CONFIG_LIBVIRT_EXTRA_STORAGE_VIRTIO_PHYSICAL_BLOCK_SIZE_512 not in final .config
Requested value:  CONFIG_LIBVIRT_EXTRA_STORAGE_VIRTIO_PHYSICAL_BLOCK_SIZE_512=y
Actual value:     

Value requested for CONFIG_LIBVIRT_EXTRA_STORAGE_VIRTIO_PHYSICAL_BLOCK_SIZE_1K not in final .config
Requested value:  # CONFIG_LIBVIRT_EXTRA_STORAGE_VIRTIO_PHYSICAL_BLOCK_SIZE_1K is not set
Actual value:     

Value requested for CONFIG_LIBVIRT_EXTRA_STORAGE_VIRTIO_PHYSICAL_BLOCK_SIZE_2K not in final .config
Requested value:  # CONFIG_LIBVIRT_EXTRA_STORAGE_VIRTIO_PHYSICAL_BLOCK_SIZE_2K is not set
Actual value:     

Value requested for CONFIG_LIBVIRT_EXTRA_STORAGE_VIRTIO_PHYSICAL_BLOCK_SIZE_4K not in final .config
Requested value:  # CONFIG_LIBVIRT_EXTRA_STORAGE_VIRTIO_PHYSICAL_BLOCK_SIZE_4K is not set
Actual value:     

Value requested for CONFIG_LIBVIRT_EXTRA_STORAGE_VIRTIO_PHYSICAL_BLOCK_SIZE_8K not in final .config
Requested value:  # CONFIG_LIBVIRT_EXTRA_STORAGE_VIRTIO_PHYSICAL_BLOCK_SIZE_8K is not set
Actual value:     

Value requested for CONFIG_LIBVIRT_EXTRA_STORAGE_VIRTIO_PHYSICAL_BLOCK_SIZE_16K not in final .config
Requested value:  # CONFIG_LIBVIRT_EXTRA_STORAGE_VIRTIO_PHYSICAL_BLOCK_SIZE_16K is not set
Actual value:     

Value requested for CONFIG_LIBVIRT_EXTRA_STORAGE_VIRTIO_PHYSICAL_BLOCK_SIZE_32K not in final .config
Requested value:  # CONFIG_LIBVIRT_EXTRA_STORAGE_VIRTIO_PHYSICAL_BLOCK_SIZE_32K is not set
Actual value:     

Value requested for CONFIG_LIBVIRT_EXTRA_STORAGE_VIRTIO_PHYSICAL_BLOCK_SIZE_64K not in final .config
Requested value:  # CONFIG_LIBVIRT_EXTRA_STORAGE_VIRTIO_PHYSICAL_BLOCK_SIZE_64K is not set
Actual value:     

Value requested for CONFIG_LIBVIRT_EXTRA_STORAGE_VIRTIO_PHYSICAL_BLOCK_SIZE_128K not in final .config
Requested value:  # CONFIG_LIBVIRT_EXTRA_STORAGE_VIRTIO_PHYSICAL_BLOCK_SIZE_128K is not set
Actual value:     

Value requested for CONFIG_LIBVIRT_EXTRA_STORAGE_VIRTIO_PHYSICAL_BLOCK_SIZE_256K not in final .config
Requested value:  # CONFIG_LIBVIRT_EXTRA_STORAGE_VIRTIO_PHYSICAL_BLOCK_SIZE_256K is not set
Actual value:     

Value requested for CONFIG_LIBVIRT_EXTRA_STORAGE_VIRTIO_PHYSICAL_BLOCK_SIZE_512K not in final .config
Requested value:  # CONFIG_LIBVIRT_EXTRA_STORAGE_VIRTIO_PHYSICAL_BLOCK_SIZE_512K is not set
Actual value:     

Value requested for CONFIG_LIBVIRT_EXTRA_STORAGE_VIRTIO_PHYSICAL_BLOCK_SIZE_1M not in final .config
Requested value:  # CONFIG_LIBVIRT_EXTRA_STORAGE_VIRTIO_PHYSICAL_BLOCK_SIZE_1M is not set
Actual value:     

Value requested for CONFIG_LIBVIRT_EXTRA_STORAGE_VIRTIO_PHYSICAL_BLOCK_SIZE_2M not in final .config
Requested value:  # CONFIG_LIBVIRT_EXTRA_STORAGE_VIRTIO_PHYSICAL_BLOCK_SIZE_2M is not set
Actual value:     

Value requested for CONFIG_LIBVIRT_EXTRA_STORAGE_VIRTIO_LOGICAL_BLOCK_SIZE_512 not in final .config
Requested value:  CONFIG_LIBVIRT_EXTRA_STORAGE_VIRTIO_LOGICAL_BLOCK_SIZE_512=y
Actual value:     

Value requested for CONFIG_LIBVIRT_EXTRA_STORAGE_VIRTIO_LOGICAL_BLOCK_SIZE_1K not in final .config
Requested value:  # CONFIG_LIBVIRT_EXTRA_STORAGE_VIRTIO_LOGICAL_BLOCK_SIZE_1K is not set
Actual value:     

Value requested for CONFIG_LIBVIRT_EXTRA_STORAGE_VIRTIO_LOGICAL_BLOCK_SIZE_2K not in final .config
Requested value:  # CONFIG_LIBVIRT_EXTRA_STORAGE_VIRTIO_LOGICAL_BLOCK_SIZE_2K is not set
Actual value:     

Value requested for CONFIG_LIBVIRT_EXTRA_STORAGE_VIRTIO_LOGICAL_BLOCK_SIZE_4K not in final .config
Requested value:  # CONFIG_LIBVIRT_EXTRA_STORAGE_VIRTIO_LOGICAL_BLOCK_SIZE_4K is not set
Actual value:     

Value requested for CONFIG_LIBVIRT_EXTRA_STORAGE_VIRTIO_LOGICAL_BLOCK_SIZE_8K not in final .config
Requested value:  # CONFIG_LIBVIRT_EXTRA_STORAGE_VIRTIO_LOGICAL_BLOCK_SIZE_8K is not set
Actual value:     

Value requested for CONFIG_LIBVIRT_EXTRA_STORAGE_VIRTIO_LOGICAL_BLOCK_SIZE_16K not in final .config
Requested value:  # CONFIG_LIBVIRT_EXTRA_STORAGE_VIRTIO_LOGICAL_BLOCK_SIZE_16K is not set
Actual value:     

Value requested for CONFIG_LIBVIRT_EXTRA_STORAGE_VIRTIO_LOGICAL_BLOCK_SIZE_32K not in final .config
Requested value:  # CONFIG_LIBVIRT_EXTRA_STORAGE_VIRTIO_LOGICAL_BLOCK_SIZE_32K is not set
Actual value:     

Value requested for CONFIG_LIBVIRT_EXTRA_STORAGE_VIRTIO_LOGICAL_BLOCK_SIZE_64K not in final .config
Requested value:  # CONFIG_LIBVIRT_EXTRA_STORAGE_VIRTIO_LOGICAL_BLOCK_SIZE_64K is not set
Actual value:     

Value requested for CONFIG_LIBVIRT_EXTRA_STORAGE_VIRTIO_LOGICAL_BLOCK_SIZE_128K not in final .config
Requested value:  # CONFIG_LIBVIRT_EXTRA_STORAGE_VIRTIO_LOGICAL_BLOCK_SIZE_128K is not set
Actual value:     

Value requested for CONFIG_LIBVIRT_EXTRA_STORAGE_VIRTIO_LOGICAL_BLOCK_SIZE_256K not in final .config
Requested value:  # CONFIG_LIBVIRT_EXTRA_STORAGE_VIRTIO_LOGICAL_BLOCK_SIZE_256K is not set
Actual value:     

Value requested for CONFIG_LIBVIRT_EXTRA_STORAGE_VIRTIO_LOGICAL_BLOCK_SIZE_512K not in final .config
Requested value:  # CONFIG_LIBVIRT_EXTRA_STORAGE_VIRTIO_LOGICAL_BLOCK_SIZE_512K is not set
Actual value:     

Value requested for CONFIG_LIBVIRT_EXTRA_STORAGE_VIRTIO_LOGICAL_BLOCK_SIZE_1M not in final .config
Requested value:  # CONFIG_LIBVIRT_EXTRA_STORAGE_VIRTIO_LOGICAL_BLOCK_SIZE_1M is not set
Actual value:     

Value requested for CONFIG_LIBVIRT_EXTRA_STORAGE_VIRTIO_LOGICAL_BLOCK_SIZE_2M not in final .config
Requested value:  # CONFIG_LIBVIRT_EXTRA_STORAGE_VIRTIO_LOGICAL_BLOCK_SIZE_2M is not set
Actual value:     

Value requested for CONFIG_LIBVIRT_AIO_MODE_NATIVE not in final .config
Requested value:  # CONFIG_LIBVIRT_AIO_MODE_NATIVE is not set
Actual value:     

Value requested for CONFIG_WORKFLOW_DATA_DEVICE not in final .config
Requested value:  CONFIG_WORKFLOW_DATA_DEVICE="/dev/disk/by-id/virtio-kdevops0"
Actual value:     CONFIG_WORKFLOW_DATA_DEVICE="/dev/disk/by-id/nvme-QEMU_NVMe_Ctrl_kdevops0"

Value requested for CONFIG_BOOTLINUX_LINUS not in final .config
Requested value:  CONFIG_BOOTLINUX_LINUS=y
Actual value:     # CONFIG_BOOTLINUX_LINUS is not set

Value requested for CONFIG_BOOTLINUX_TREE_LINUS not in final .config
Requested value:  CONFIG_BOOTLINUX_TREE_LINUS=y
Actual value:     

Value requested for CONFIG_BOOTLINUX_TREE_KDEVOPS_LINUS not in final .config
Requested value:  # CONFIG_BOOTLINUX_TREE_KDEVOPS_LINUS is not set
Actual value:     

Value requested for CONFIG_BOOTLINUX_TREE_MCGROF_LINUS not in final .config
Requested value:  # CONFIG_BOOTLINUX_TREE_MCGROF_LINUS is not set
Actual value:     

Value requested for CONFIG_BOOTLINUX_TREE_MODULES not in final .config
Requested value:  # CONFIG_BOOTLINUX_TREE_MODULES is not set
Actual value:     

Value requested for CONFIG_BOOTLINUX_TREE_VFS not in final .config
Requested value:  # CONFIG_BOOTLINUX_TREE_VFS is not set
Actual value:     

Value requested for CONFIG_BOOTLINUX_TREE_XFS not in final .config
Requested value:  # CONFIG_BOOTLINUX_TREE_XFS is not set
Actual value:     

Value requested for CONFIG_BOOTLINUX_TREE_LINUS_REF_MASTER not in final .config
Requested value:  CONFIG_BOOTLINUX_TREE_LINUS_REF_MASTER=y
Actual value:     

Value requested for CONFIG_BOOTLINUX_TREE_LINUS_REF_66_RC2 not in final .config
Requested value:  # CONFIG_BOOTLINUX_TREE_LINUS_REF_66_RC2 is not set
Actual value:     

Value requested for CONFIG_BOOTLINUX_TREE_LINUS_REF_66_RC4 not in final .config
Requested value:  # CONFIG_BOOTLINUX_TREE_LINUS_REF_66_RC4 is not set
Actual value:     

Value requested for CONFIG_BOOTLINUX_TREE_LINUS_REF_66_RC5 not in final .config
Requested value:  # CONFIG_BOOTLINUX_TREE_LINUS_REF_66_RC5 is not set
Actual value:     

Value requested for CONFIG_BOOTLINUX_TREE_LINUS_REF_68_RC2 not in final .config
Requested value:  # CONFIG_BOOTLINUX_TREE_LINUS_REF_68_RC2 is not set
Actual value:     

Value requested for CONFIG_BOOTLINUX_TREE_LINUS_REF_69_RC2 not in final .config
Requested value:  # CONFIG_BOOTLINUX_TREE_LINUS_REF_69_RC2 is not set
Actual value:     

Value requested for CONFIG_BOOTLINUX_TREE_LINUS_REF_69_RC4 not in final .config
Requested value:  # CONFIG_BOOTLINUX_TREE_LINUS_REF_69_RC4 is not set
Actual value:     

Value requested for CONFIG_BOOTLINUX_TREE_LINUS_REF_69_RC5 not in final .config
Requested value:  # CONFIG_BOOTLINUX_TREE_LINUS_REF_69_RC5 is not set
Actual value:     

Value requested for CONFIG_BOOTLINUX_TREE_LINUS_REF_69_RC6 not in final .config
Requested value:  # CONFIG_BOOTLINUX_TREE_LINUS_REF_69_RC6 is not set
Actual value:     

Value requested for CONFIG_BOOTLINUX_TREE_LINUS_REF_9 not in final .config
Requested value:  # CONFIG_BOOTLINUX_TREE_LINUS_REF_9 is not set
Actual value:     

Value requested for CONFIG_BOOTLINUX_TREE_LINUS_REF not in final .config
Requested value:  CONFIG_BOOTLINUX_TREE_LINUS_REF="master"
Actual value:     

Value requested for CONFIG_BOOTLINUX_TREE_LINUS_NAME not in final .config
Requested value:  CONFIG_BOOTLINUX_TREE_LINUS_NAME="linux"
Actual value:     

Value requested for CONFIG_BOOTLINUX_TREE_LINUS_URL not in final .config
Requested value:  CONFIG_BOOTLINUX_TREE_LINUS_URL="/mirror/linux.git"
Actual value:     

Value requested for CONFIG_KDEVOPS_HOST_PREFIX not in final .config
Requested value:  CONFIG_KDEVOPS_HOST_PREFIX="kdevops"
Actual value:     CONFIG_KDEVOPS_HOST_PREFIX="dagomez"

Value requested for CONFIG_ANSIBLE_CFG_CALLBACK_PLUGIN_DENSE not in final .config
Requested value:  CONFIG_ANSIBLE_CFG_CALLBACK_PLUGIN_DENSE=y
Actual value:     # CONFIG_ANSIBLE_CFG_CALLBACK_PLUGIN_DENSE is not set

Value requested for CONFIG_ANSIBLE_CFG_CALLBACK_PLUGIN_STRING not in final .config
Requested value:  CONFIG_ANSIBLE_CFG_CALLBACK_PLUGIN_STRING="dense"
Actual value:     CONFIG_ANSIBLE_CFG_CALLBACK_PLUGIN_STRING="community.general.diy"

Value requested for CONFIG_ANSIBLE_CFG_CALLBACK_PLUGIN_DISPLAY_OK_HOSTS not in final .config
Requested value:  CONFIG_ANSIBLE_CFG_CALLBACK_PLUGIN_DISPLAY_OK_HOSTS=n
Actual value:     # CONFIG_ANSIBLE_CFG_CALLBACK_PLUGIN_DISPLAY_OK_HOSTS is not set

Value requested for CONFIG_MONITOR_NVME_SMART_LOG not in final .config
Requested value:  CONFIG_MONITOR_NVME_SMART_LOG=y
Actual value:     

Value requested for CONFIG_MONITOR_NVME_SMART_LOG_INTERVAL not in final .config
Requested value:  CONFIG_MONITOR_NVME_SMART_LOG_INTERVAL=20
Actual value:     

Value requested for CONFIG_CUSTOM_DISTRO_HOST_PREFIX not in final .config
Requested value:  CONFIG_CUSTOM_DISTRO_HOST_PREFIX="dagomez"
Actual value:     

Value requested for CONFIG_KDEVOPS_DYNAMIC_PCIE_PASSTHROUGH_0186 not in final .config
Requested value:  CONFIG_KDEVOPS_DYNAMIC_PCIE_PASSTHROUGH_0186=y
Actual value:     

Value requested for CONFIG_KDEVOPS_DYNAMIC_PCIE_PASSTHROUGH_0186_TARGET_GUEST not in final .config
Requested value:  CONFIG_KDEVOPS_DYNAMIC_PCIE_PASSTHROUGH_0186_TARGET_GUEST="dagomez-xfs-reflink-4k"
Actual value:     

----------------------------------------

2025-10-03 16:34:37 - Executing: make V=1
----------------------------------------
workflows/sysbench/Makefile:67: warning: overriding recipe for target 'monitor-results'
workflows/sysbench/Makefile:51: warning: ignoring old recipe for target 'monitor-results'
==> [sudo]
+ echo Verifying sudo ...
Verifying sudo ...
==> [sudo]
+ set -e
+ which sudo
+ alias
+ eval declare -f
++ declare -f
+ /usr/bin/which --tty-only --read-alias --read-functions --show-tilde --show-dot sudo
==> [make]
+ echo Verifying make ...
Verifying make ...
==> [make]
+ set -e
+ which make
+ alias
+ eval declare -f
++ declare -f
+ /usr/bin/which --tty-only --read-alias --read-functions --show-tilde --show-dot make
==> [nc]
+ echo Verifying nc ...
Verifying nc ...
==> [nc]
+ set -e
+ which nc
+ alias
+ eval declare -f
++ declare -f
+ /usr/bin/which --tty-only --read-alias --read-functions --show-tilde --show-dot nc
==> [ansible-playbook]
+ echo Verifying ansible-playbook ...
Verifying ansible-playbook ...
==> [ansible-playbook]
+ set -e
+ which ansible-playbook
+ alias
+ eval declare -f
++ declare -f
+ /usr/bin/which --tty-only --read-alias --read-functions --show-tilde --show-dot ansible-playbook
==> [scripts/version_check/ansible-playbook]
+ echo Doing minimum kdevops version check using scripts/version_check/ansible-playbook ...
Doing minimum kdevops version check using scripts/version_check/ansible-playbook ...
==> [scripts/version_check/ansible-playbook]
+ .//scripts/version_check/ansible-playbook
ansible-playbook: OK
==> [.kdevops.depcheck]
+ echo The current minimum kdevops expected dependencies are met.
The current minimum kdevops expected dependencies are met.
==> [.kdevops.depcheck]
+ touch .kdevops.depcheck
==> [ansible-requirements]
+ ansible-galaxy install -r requirements.yml
Starting galaxy collection install process
Nothing to do. All requested collections are already installed. If you want to reinstall them, consider using `--force`.
==> [extend-extra-args-pcie-passthrough]
+ .//scripts/gen_pcie_passthrough_vars.sh
==> [/data1-xfs/dagomez/kdevops/ansible.cfg]
+ ansible-playbook --connection=local --inventory localhost, playbooks/ansible_cfg.yml --extra-vars=@./.extra_vars_auto.yaml

PLAY [Ansible Configuration Role] **********************************************

TASK [Gathering Facts] *********************************************************
ok: [localhost]

TASK [ansible_cfg : Import optional extra_args file] ***************************
[WARNING]: While constructing a mapping from
/data1-xfs/dagomez/kdevops/extra_vars.yaml, line 2, column 1, found a duplicate
dict key (qemu_bin_path). Using last defined value only.
ok: [localhost] => (item=/data1-xfs/dagomez/kdevops/playbooks/../extra_vars.yaml)

TASK [ansible_cfg : Generate kdevops ansible.cfg] ******************************
changed: [localhost]

TASK [ansible_cfg : Update ansible.cfg access modification time so make sees it updated] ***
changed: [localhost]

PLAY RECAP *********************************************************************
localhost                  : ok=4    changed=2    unreachable=0    failed=0    skipped=0    rescued=0    ignored=0   

==> [/data1-xfs/dagomez/kdevops/hosts]
+ ansible-playbook --connection=local --inventory localhost, playbooks/gen_hosts.yml --extra-vars=@./extra_vars.yaml
[WARNING]: While constructing a mapping from
/data1-xfs/dagomez/kdevops/extra_vars.yaml, line 2, column 1, found a duplicate
dict key (qemu_bin_path). Using last defined value only.
[WARNING]: Collection community.general does not support Ansible version
2.14.18
PLAY: GENERATE ANSIBLE INVENTORY FOR GUESTS (HOSTS)
TASK: Gathering Facts [localhost]
⠀⠀✓ [localhost]
TASK:  [localhost]
⠀⠀✓ [host]
TASK:  [localhost]
⠀⠀⊘ [host]
TASK: Get our user [localhost]
⠀⠀✓ [localhost]
TASK: Get our primary group [localhost]
⠀⠀✓ [localhost]
TASK: Check if the inventory file exists already [localhost]
⠀⠀✓ [localhost]
TASK:  [localhost]
⠀⠀⊘ [localhost]
TASK: Verify Ansible inventory template file exists [localhost]
⠀⠀✓ [localhost]
TASK: Set fstests config file variable for bogus [localhost]
⠀⠀⊘ [localhost]
TASK:  [localhost]
⠀⠀⊘ [host]
TASK: Infer enabled fstests test section types [localhost]
⠀⠀⊘ [localhost]
TASK: Infer enabled blktests test section types [localhost]
⠀⠀⊘ [localhost]
TASK: Debug inferring block test types [localhost]
⠀⠀⊘ [localhost]
TASK: Infer enabled selftests test section types [localhost]
⠀⠀⊘ [localhost]
TASK:  [localhost]
⠀⠀✓ [localhost]
TASK:  [localhost]
⠀⠀✓ [host]
TASK: Infer enabled mmtests test types [localhost]
⠀⠀⊘ [localhost]
TASK: Load AI nodes configuration for multi-filesystem setup [localhost]
⠀⠀⊘ [localhost]
TASK:  [localhost]
⠀⠀⊘ [host]
TASK: Load Build-linux nodes configuration for multi-filesystem setup [localhost]
⠀⠀⊘ [localhost]
TASK:  [localhost]
⠀⠀⊘ [host]
TASK: Generate the Ansible inventory file [localhost]
⠀⠀✓ [localhost]
TASK: Update Ansible inventory access modification time so make sees it updated [localhost]
⠀⠀✓ [localhost]
TASK: Generate the Ansible hosts file for a dedicated MinIO setup [localhost]
⠀⠀⊘ [localhost]
TASK: Generate the Ansible hosts file for a dedicated Build-linux setup [localhost]
⠀⠀⊘ [localhost]
TASK: Verify if final host file exists [localhost]
⠀⠀✓ [localhost]
TASK: Fail if the dedicated workflow has no rules for node configuration for hosts file configuration [localhost]
⠀⠀⊘ [localhost]
PLAYBOOK SUMMARY
================
STATUS        OK  CHANGED  FAILED  HOST
OK            11        4       0  localhost
==> [timesyncd-server]
+ ansible-playbook playbooks/install_systemd_timesyncd.yml
[WARNING]: Collection community.general does not support Ansible version
2.14.18
PLAY: INSTALL AND CONFIGURE SYSTEMD-TIMESYNCD FOR NTP TIME SYNC
TASK: Gathering Facts [localhost]
⠀⠀✓ [localhost]
TASK:  [localhost]
[WARNING]: While constructing a mapping from
/data1-xfs/dagomez/kdevops/extra_vars.yaml, line 2, column 1, found a duplicate
dict key (qemu_bin_path). Using last defined value only.
⠀⠀✓ [host]
TASK: Install systemd-timesyncd [localhost]
⠀⠀✓ [localhost]
included: /data1-xfs/dagomez/kdevops/playbooks/roles/install_systemd_timesyncd/tasks/install-deps/main.yml for localhost
TASK: Install systemd-timesyncd [localhost]
⠀⠀⊘ [localhost]
TASK: Install systemd-timesyncd [localhost]
⠀⠀⊘ [localhost]
TASK: Bootstrap Python DNF dependencies on RedHat/CentOS [localhost]
⠀⠀✓ [localhost]
TASK: Stop and disable chronyd (CentOS uses chronyd by default) [localhost]
⠀⠀✓ [localhost]
TASK: Install systemd-timesyncd package [localhost]
⠀⠀✓ [localhost]
TASK: Set up the server /etc/systemd/timesyncd.conf [localhost]
⠀⠀✓ [localhost]
TASK: Enable NTP [localhost]
⠀⠀✓ [localhost]
TASK: Restart systemd-timesyncd.service on the server [localhost]
⠀⠀✓ [localhost]
TASK: Ensure systemd-timesyncd.service is running on the server [localhost]
⠀⠀✓ [localhost]
PLAYBOOK SUMMARY
================
STATUS        OK  CHANGED  FAILED  HOST
OK            10        4       0  localhost
==> [journal-server]
+ ansible-playbook playbooks/install_systemd_journal_remote.yml
[WARNING]: Collection community.general does not support Ansible version
2.14.18
PLAY: INSTALL AND CONFIGURE SYSTEMD-JOURNAL-REMOTE FOR REMOTE JOURNAL COLLECTION
TASK: Gathering Facts [localhost]
⠀⠀✓ [localhost]
TASK:  [localhost]
[WARNING]: While constructing a mapping from
/data1-xfs/dagomez/kdevops/extra_vars.yaml, line 2, column 1, found a duplicate
dict key (qemu_bin_path). Using last defined value only.
⠀⠀✓ [host]
TASK: Install systemd-journal-remote [localhost]
⠀⠀✓ [localhost]
included: /data1-xfs/dagomez/kdevops/playbooks/roles/install_systemd_journal_remote/tasks/install-deps/main.yml for localhost
TASK: Install systemd-journal-remote [localhost]
⠀⠀⊘ [localhost]
TASK: Install systemd-journal-remote [localhost]
⠀⠀⊘ [localhost]
TASK: Install systemd-journal-remote [localhost]
⠀⠀✓ [localhost]
TASK: Set up the server /etc/systemd/journal-remote.conf [localhost]
⠀⠀✓ [localhost]
TASK: Use custom systemd-journal-remote.service to disable SSL [localhost]
⠀⠀✓ [localhost]
TASK:  [localhost]
⠀⠀✓ [localhost]
TASK: Restart systemd-journal-remote on the server [localhost]
⠀⠀✓ [localhost]
TASK: Ensure systemd-journal-remote.service is running on the server [localhost]
⠀⠀✓ [localhost]
TASK: Set group sticky bit for /var/log/journal/remote/ [localhost]
⠀⠀✓ [localhost]
PLAYBOOK SUMMARY
================
STATUS        OK  CHANGED  FAILED  HOST
OK            10        2       0  localhost
----------------------------------------

2025-10-03 16:35:18 - Executing: make bringup V=1
----------------------------------------
workflows/sysbench/Makefile:67: warning: overriding recipe for target 'monitor-results'
workflows/sysbench/Makefile:51: warning: ignoring old recipe for target 'monitor-results'
==> [9p_linux_clone]
+ make linux-clone
workflows/sysbench/Makefile:67: warning: overriding recipe for target 'monitor-results'
workflows/sysbench/Makefile:51: warning: ignoring old recipe for target 'monitor-results'
==> [extend-extra-args-pcie-passthrough]
+ .//scripts/gen_pcie_passthrough_vars.sh
==> [guestfs/kdevops_nodes.yaml]
+ ansible-playbook playbooks/gen_nodes.yml --extra-vars=@./extra_vars.yaml
[WARNING]: While constructing a mapping from
/data1-xfs/dagomez/kdevops/extra_vars.yaml, line 2, column 1, found a duplicate
dict key (qemu_bin_path). Using last defined value only.
[WARNING]: Collection community.general does not support Ansible version
2.14.18
PLAY: GENERATE TARGET NODE CONFIGURATION
TASK: Gathering Facts [localhost]
⠀⠀✓ [localhost]
TASK:  [localhost]
⠀⠀✓ [host]
TASK: Get our user [localhost]
⠀⠀✓ [localhost]
TASK: Get our primary group [localhost]
⠀⠀✓ [localhost]
TASK: Create guestfs directory [localhost]
⠀⠀✓ [localhost]
TASK:  [localhost]
⠀⠀⊘ [host]
TASK: Verify Ansible nodes template file exists /data1-xfs/dagomez/kdevops/playbooks/roles/gen_nodes/templates/guestfs_nodes.j2 [localhost]
⠀⠀✓ [localhost]
TASK: Set generic nodes array [localhost]
⠀⠀⊘ [localhost]
TASK: Set generic nodes array on dual baseline and dev systems [localhost]
⠀⠀✓ [localhost]
TASK: Set builder nodes array [localhost]
⠀⠀⊘ [localhost]
TASK: Set iscsi_nodes list [localhost]
⠀⠀⊘ [localhost]
TASK:  [localhost]
⠀⠀⊘ [localhost]
TASK: Set nfsd_nodes list [localhost]
⠀⠀⊘ [localhost]
TASK:  [localhost]
⠀⠀⊘ [host]
TASK: Set smbd_nodes list [localhost]
⠀⠀⊘ [localhost]
TASK:  [localhost]
⠀⠀⊘ [host]
TASK: Set kdc_nodes list [localhost]
⠀⠀⊘ [localhost]
TASK:  [localhost]
⠀⠀⊘ [host]
TASK: Set fstests config file variable for bogus [localhost]
⠀⠀⊘ [localhost]
TASK:  [localhost]
⠀⠀⊘ [host]
TASK: Check if kdevops_nodes exists already [localhost]
⠀⠀✓ [localhost]
TASK:  [localhost]
⠀⠀⊘ [localhost]
TASK: Generate the generic kdevops nodes file using nodes file using template as jinja2 source template [localhost]
⠀⠀⊘ [localhost]
TASK: Generate the NixOS kdevops nodes file using playbooks/roles/gen_nodes/templates/guestfs_nodes.j2 as jinja2 source template [localhost]
⠀⠀⊘ [localhost]
TASK: Generate the builder kdevops nodes file using nodes file using template as jinja2 source template [localhost]
⠀⠀⊘ [localhost]
TASK: Generate the pynfs kdevops nodes file using nodes file using template as jinja2 source template [localhost]
⠀⠀⊘ [localhost]
TASK: Generate the cxl kdevops nodes file using nodes file using template as jinja2 source template [localhost]
⠀⠀⊘ [localhost]
TASK: Generate a kdevops nodes file for the gitr workflow [localhost]
⠀⠀⊘ [localhost]
TASK: Generate a kdevops nodes file for the ltp workflow [localhost]
⠀⠀⊘ [localhost]
TASK: Generate a kdevops nodes file for the nfstest workflow [localhost]
⠀⠀⊘ [localhost]
TASK: Set empty enabled test types list for fstests [localhost]
⠀⠀⊘ [localhost]
TASK:  [localhost]
⠀⠀⊘ [host]
TASK:  [localhost]
⠀⠀⊘ [host]
TASK:  [localhost]
⠀⠀⊘ [host]
TASK:  [localhost]
⠀⠀⊘ [host]
TASK:  [localhost]
⠀⠀⊘ [host]
TASK:  [localhost]
⠀⠀⊘ [host]
TASK:  [localhost]
⠀⠀⊘ [host]
TASK: Generate the fstests kdevops nodes file using nodes file using template as jinja2 source template [localhost]
⠀⠀⊘ [localhost]
TASK: Infer enabled blktests test section types [localhost]
⠀⠀⊘ [localhost]
TASK: Infer enabled blktests test section types with dev hosts [localhost]
⠀⠀⊘ [localhost]
TASK: Debug inferring block test types [localhost]
⠀⠀⊘ [localhost]
TASK: Generate the blktests kdevops nodes file using nodes file using template as jinja2 source template [localhost]
⠀⠀⊘ [localhost]
TASK: Infer enabled selftests test section types [localhost]
⠀⠀⊘ [localhost]
TASK: Infer enabled selftests test section types with dev hosts [localhost]
⠀⠀⊘ [localhost]
TASK: Generate the selftests kdevops nodes file using nodes file using template as jinja2 source template [localhost]
⠀⠀⊘ [localhost]
TASK:  [localhost]
⠀⠀✓ [localhost]
TASK:  [localhost]
⠀⠀✓ [host]
TASK:  [localhost]
⠀⠀✓ [host]
TASK: Fail if no sysbench tests are enabled [localhost]
⠀⠀⊘ [localhost]
TASK: Generate the sysbench kdevops nodes file using nodes file using template as jinja2 source template [localhost]
⠀⠀✓ [localhost]
TASK: Generate the fio-tests kdevops nodes file using nodes file using template as jinja2 source template [localhost]
⠀⠀⊘ [localhost]
TASK: Generate the fio-tests kdevops nodes file with dev hosts using nodes file using template as jinja2 source template [localhost]
⠀⠀⊘ [localhost]
TASK: Infer enabled mmtests test section types [localhost]
⠀⠀⊘ [localhost]
TASK: Infer enabled mmtests test section types with dev hosts [localhost]
⠀⠀⊘ [localhost]
TASK: Generate the mmtests kdevops nodes file using nodes file using template as jinja2 source template [localhost]
⠀⠀⊘ [localhost]
TASK: Generate the reboot-limit kdevops nodes file using nodes file using template as jinja2 source template [localhost]
⠀⠀⊘ [localhost]
TASK: Generate the reboot-limit kdevops nodes file with dev hosts using nodes file using template as jinja2 source template [localhost]
⠀⠀⊘ [localhost]
TASK: Generate the AI kdevops nodes file using playbooks/roles/gen_nodes/templates/guestfs_nodes.j2 as jinja2 source template [localhost]
⠀⠀⊘ [localhost]
TASK: Generate the AI kdevops nodes file with dev hosts using playbooks/roles/gen_nodes/templates/guestfs_nodes.j2 as jinja2 source template [localhost]
⠀⠀⊘ [localhost]
TASK: Infer enabled AI multi-filesystem configurations [localhost]
⠀⠀⊘ [localhost]
TASK: Create AI nodes for each filesystem configuration (no dev) [localhost]
⠀⠀⊘ [localhost]
TASK: Create AI nodes for each filesystem configuration with dev hosts [localhost]
⠀⠀⊘ [localhost]
TASK: Generate the AI multi-filesystem kdevops nodes file using playbooks/roles/gen_nodes/templates/guestfs_nodes.j2 as jinja2 source template [localhost]
⠀⠀⊘ [localhost]
TASK: Collect enabled MinIO multi-filesystem configurations [localhost]
⠀⠀⊘ [localhost]
TASK: Create MinIO nodes for each filesystem configuration (no dev) [localhost]
⠀⠀⊘ [localhost]
TASK: Create MinIO nodes for each filesystem configuration with dev hosts [localhost]
⠀⠀⊘ [localhost]
TASK: Generate the MinIO multi-filesystem kdevops nodes file using playbooks/roles/gen_nodes/templates/guestfs_nodes.j2 as jinja2 source template [localhost]
⠀⠀⊘ [localhost]
TASK: Generate the MinIO kdevops nodes file using playbooks/roles/gen_nodes/templates/guestfs_nodes.j2 as jinja2 source template [localhost]
⠀⠀⊘ [localhost]
TASK: Generate the MinIO kdevops nodes file with dev hosts using playbooks/roles/gen_nodes/templates/guestfs_nodes.j2 as jinja2 source template [localhost]
⠀⠀⊘ [localhost]
TASK: Collect enabled Build-linux multi-filesystem configurations [localhost]
⠀⠀⊘ [localhost]
TASK: Create Build-linux nodes for each filesystem configuration (no dev) [localhost]
⠀⠀⊘ [localhost]
TASK: Create Build-linux nodes for each filesystem configuration with dev hosts [localhost]
⠀⠀⊘ [localhost]
TASK: Generate the Build-linux multi-filesystem kdevops nodes file using playbooks/roles/gen_nodes/templates/guestfs_nodes.j2 as jinja2 source template [localhost]
⠀⠀⊘ [localhost]
TASK: Generate the Build-linux kdevops nodes file using playbooks/roles/gen_nodes/templates/guestfs_nodes.j2 as jinja2 source template [localhost]
⠀⠀⊘ [localhost]
TASK: Generate the Build-linux kdevops nodes file with dev hosts using playbooks/roles/gen_nodes/templates/guestfs_nodes.j2 as jinja2 source template [localhost]
⠀⠀⊘ [localhost]
TASK: Get the control host's timezone [localhost]
⠀⠀✓ [localhost]
TASK: Verify if dedicated workflow defined a custom nodes template and the final file exists /data1-xfs/dagomez/kdevops/playbooks/roles/gen_nodes/templates/guestfs_nodes.j2 [localhost]
⠀⠀✓ [localhost]
TASK: Fail if the dedicated workflow has no rules for node configuration [localhost]
⠀⠀⊘ [localhost]
TASK: Update kdevops_nodes access modification time so make sees it updated [localhost]
⠀⠀✓ [localhost]
TASK: Import list of guest nodes [localhost]
⠀⠀✓ [localhost]
TASK:  [localhost]

TASK [gen_nodes : Create local directories for each of the guests] *************
changed: [localhost] => (item={'name': 'dagomez-xfs-reflink-4k'})
changed: [localhost] => (item={'name': 'dagomez-xfs-reflink-4k-dev'})
⠀⠀✓ [host]
TASK: Generate XML files for the libvirt guests for PCI passthrough for guestfs [localhost]
⠀⠀✓ [localhost]
TASK:  [localhost]
⠀⠀⊘ [host]
TASK: Set the conflict flag on if conflict occur [localhost]
⠀⠀⊘ [localhost]
TASK: Fail bringup if gdb port conflict occur [localhost]
⠀⠀⊘ [localhost]
TASK:  [localhost]

TASK [gen_nodes : Generate XML files for the libvirt guests] *******************
changed: [localhost] => (item={'name': 'dagomez-xfs-reflink-4k'})
changed: [localhost] => (item={'name': 'dagomez-xfs-reflink-4k-dev'})
⠀⠀✓ [host]
PLAYBOOK SUMMARY
================
STATUS        OK  CHANGED  FAILED  HOST
OK            19        6       0  localhost
==> [linux-clone-9p]
+ ansible-playbook --limit localhost playbooks/bootlinux.yml '--extra-vars=target_linux_git=/mirror/linux.git target_linux_tree=linux target_linux_ref=v6.15 target_linux_config=config-v6.15 target_linux_kernelrelease= target_linux_localversion= bootlinux_9p_host_path='\''/data1-xfs/dagomez/kdevops/linux'\'' bootlinux_9p_msize='\''131072'\'' bootlinux_9p_fsdev='\''kdevops_9p_fsdev'\'' bootlinux_9p_security_model='\''none'\'' bootlinux_9p_driver='\''virtio-9p-pci'\'' bootlinux_9p_mount_tag='\''kdevops_9p_bootlinux'\'' bootlinux_cxl_test=' --tags vars,clone
[WARNING]: Collection community.general does not support Ansible version
2.14.18
[WARNING]: Collection ansible.posix does not support Ansible version 2.14.18
PLAY: BOOTLINUX
TASK: Gathering Facts [localhost]
⠀⠀✓ [localhost]
TASK:  [localhost]
[WARNING]: While constructing a mapping from
/data1-xfs/dagomez/kdevops/extra_vars.yaml, line 2, column 1, found a duplicate
dict key (qemu_bin_path). Using last defined value only.
⠀⠀✓ [host]
TASK: Set the pathname used to extract the kernel release [localhost]
⠀⠀✓ [localhost]
TASK:  [localhost]
⠀⠀✓ [localhost]
TASK:  [localhost]
⠀⠀⊘ [localhost]
TASK:  [localhost]
⠀⠀⊘ [host]
TASK:  [localhost]
⠀⠀⊘ [host]
TASK:  [localhost]
⠀⠀⊘ [host]
TASK:  [localhost]
⠀⠀⊘ [host]
TASK:  [localhost]
⠀⠀⊘ [host]
PLAYBOOK SUMMARY
================
STATUS        OK  CHANGED  FAILED  HOST
OK             4        0       0  localhost
==> [libvirt_pcie_passthrough_permissions]
+ ansible-playbook playbooks/libvirt_pcie_passthrough.yml
[WARNING]: Collection community.general does not support Ansible version
2.14.18
PLAY: CONFIGURE PCIE PASSTHROUGH FOR LIBVIRT VMS
TASK: Gathering Facts [localhost]
⠀⠀✓ [localhost]
TASK:  [localhost]
[WARNING]: While constructing a mapping from
/data1-xfs/dagomez/kdevops/extra_vars.yaml, line 2, column 1, found a duplicate
dict key (qemu_bin_path). Using last defined value only.
⠀⠀✓ [host]
TASK:  [localhost]
⠀⠀FAILED: [host] => The task includes an option with an undefined variable. The error was: {{ pcie_sysfs_device_path_prefix }}/{{ item.pcie_id }}/driver_override: 'None' has no attribute 'pcie_id'. 'None' has no attribute 'pcie_id'. {{ pcie_sysfs_device_path_prefix }}/{{ item.pcie_id }}/driver_override: 'None' has no attribute 'pcie_id'. 'None' has no attribute 'pcie_id'

The error appears to be in '/data1-xfs/dagomez/kdevops/playbooks/roles/libvirt_pcie_passthrough/tasks/main.yml': line 12, column 3, but may
be elsewhere in the file depending on the exact syntax problem.

The offending line appears to be:


- name: Check if PCI-E sysfs driver_override file exists
  ^ here
fatal: [localhost]: FAILED! => {"msg": "The task includes an option with an undefined variable. The error was: {{ pcie_sysfs_device_path_prefix }}/{{ item.pcie_id }}/driver_override: 'None' has no attribute 'pcie_id'. 'None' has no attribute 'pcie_id'. {{ pcie_sysfs_device_path_prefix }}/{{ item.pcie_id }}/driver_override: 'None' has no attribute 'pcie_id'. 'None' has no attribute 'pcie_id'\n\nThe error appears to be in '/data1-xfs/dagomez/kdevops/playbooks/roles/libvirt_pcie_passthrough/tasks/main.yml': line 12, column 3, but may\nbe elsewhere in the file depending on the exact syntax problem.\n\nThe offending line appears to be:\n\n\n- name: Check if PCI-E sysfs driver_override file exists\n  ^ here\n"}
PLAYBOOK SUMMARY
================
STATUS        OK  CHANGED  FAILED  HOST
FAILED         2        0       1  localhost
make: *** [scripts/guestfs.Makefile:55: libvirt_pcie_passthrough_permissions] Error 2
