2025-10-03 17:49:35 - Executing: make sysbench-test
----------------------------------------
workflows/sysbench/Makefile:67: warning: overriding recipe for target 'monitor-results'
workflows/sysbench/Makefile:51: warning: ignoring old recipe for target 'monitor-results'
==> [sysbench-test]
+ ansible-playbook playbooks/sysbench.yml --tags vars,db_start,db_test_connection,post_entrypoint,populate_sbtest,run_sysbench,telemetry,logs,results,plot
[WARNING]: Collection community.docker does not support Ansible version 2.14.18
[WARNING]: Collection ansible.posix does not support Ansible version 2.14.18
[WARNING]: While constructing a mapping from
/data1-xfs/dagomez/kdevops/playbooks/roles/sysbench/tasks/postgresql-
native/main.yaml, line 119, column 3, found a duplicate dict key
(become_method). Using last defined value only.
[WARNING]: While constructing a mapping from
/data1-xfs/dagomez/kdevops/playbooks/roles/sysbench/tasks/postgresql-
native/main.yaml, line 220, column 3, found a duplicate dict key
(become_method). Using last defined value only.
[WARNING]: While constructing a mapping from
/data1-xfs/dagomez/kdevops/playbooks/roles/sysbench/tasks/postgresql-
native/main.yaml, line 230, column 3, found a duplicate dict key
(become_method). Using last defined value only.
[WARNING]: While constructing a mapping from
/data1-xfs/dagomez/kdevops/playbooks/roles/sysbench/tasks/postgresql-
native/main.yaml, line 573, column 3, found a duplicate dict key
(become_method). Using last defined value only.
[WARNING]: While constructing a mapping from
/data1-xfs/dagomez/kdevops/playbooks/roles/sysbench/tasks/postgresql-
native/main.yaml, line 669, column 3, found a duplicate dict key
(become_method). Using last defined value only.
[WARNING]: Collection community.general does not support Ansible version
2.14.18

PLAY [Configure and run the sysbench workflow] *********************************
 [started TASK: Gathering Facts on kci-18051236464-20-xfs-reflink-4k]
 [started TASK: Gathering Facts on kci-18051236464-20-xfs-reflink-4k-dev]
 [started TASK: sysbench : Import optional extra_args file on kci-18051236464-20-xfs-reflink-4k]
 [started TASK: sysbench : Import optional extra_args file on kci-18051236464-20-xfs-reflink-4k-dev]
[WARNING]: While constructing a mapping from
/data1-xfs/dagomez/kdevops/extra_vars.yaml, line 2, column 1, found a duplicate
dict key (qemu_bin_path). Using last defined value only.
[WARNING]: While constructing a mapping from
/data1-xfs/dagomez/kdevops/extra_vars.yaml, line 2, column 1, found a duplicate
dict key (qemu_bin_path). Using last defined value only.
 [started TASK: sysbench : Install uv on control host on kci-18051236464-20-xfs-reflink-4k]
 [started TASK: sysbench : Install uv on control host on kci-18051236464-20-xfs-reflink-4k-dev]

TASK [sysbench : Install uv on control host] ***********************************
included: /data1-xfs/dagomez/kdevops/playbooks/roles/sysbench/tasks/install-uv.yaml for kci-18051236464-20-xfs-reflink-4k, kci-18051236464-20-xfs-reflink-4k-dev
 [started TASK: sysbench : Check if uv is already installed in common locations on kci-18051236464-20-xfs-reflink-4k]
 [started TASK: sysbench : Install uv using standalone installer on kci-18051236464-20-xfs-reflink-4k]
 [started TASK: sysbench : Display uv installation output on kci-18051236464-20-xfs-reflink-4k]
 [started TASK: sysbench : Find uv binary location on kci-18051236464-20-xfs-reflink-4k]

TASK [sysbench : Find uv binary location] **************************************
changed: [kci-18051236464-20-xfs-reflink-4k -> localhost]
 [started TASK: sysbench : Set uv binary path as cacheable fact on kci-18051236464-20-xfs-reflink-4k]
 [started TASK: sysbench : Verify uv installation on kci-18051236464-20-xfs-reflink-4k]
 [started TASK: sysbench : Display uv version on kci-18051236464-20-xfs-reflink-4k]
 [started TASK: sysbench : Check if folio migration stats are available on kci-18051236464-20-xfs-reflink-4k]
 [started TASK: sysbench : Check if folio migration stats are available on kci-18051236464-20-xfs-reflink-4k-dev]
 [started TASK: sysbench : Create monitoring directory on kci-18051236464-20-xfs-reflink-4k]
 [started TASK: sysbench : Create monitoring directory on kci-18051236464-20-xfs-reflink-4k-dev]
 [started TASK: sysbench : Start folio migration monitoring in background on kci-18051236464-20-xfs-reflink-4k]
 [started TASK: sysbench : Start folio migration monitoring in background on kci-18051236464-20-xfs-reflink-4k-dev]
 [started TASK: sysbench : Save async job ID for later termination on kci-18051236464-20-xfs-reflink-4k]
 [started TASK: sysbench : Save async job ID for later termination on kci-18051236464-20-xfs-reflink-4k-dev]
 [started TASK: sysbench : Verify monitoring started successfully on kci-18051236464-20-xfs-reflink-4k]
 [started TASK: sysbench : Verify monitoring started successfully on kci-18051236464-20-xfs-reflink-4k-dev]
 [started TASK: sysbench : Display monitoring status on kci-18051236464-20-xfs-reflink-4k]
 [started TASK: sysbench : Display monitoring status on kci-18051236464-20-xfs-reflink-4k-dev]
 [started TASK: sysbench : Check if NVMe OCP SMART monitoring is enabled on kci-18051236464-20-xfs-reflink-4k]
 [started TASK: sysbench : Check if NVMe OCP SMART monitoring is enabled on kci-18051236464-20-xfs-reflink-4k-dev]
 [started TASK: sysbench : Create monitoring directory for OCP SMART logs on kci-18051236464-20-xfs-reflink-4k]
 [started TASK: sysbench : Create monitoring directory for OCP SMART logs on kci-18051236464-20-xfs-reflink-4k-dev]
 [started TASK: sysbench : Discover OCP-compatible NVMe devices on kci-18051236464-20-xfs-reflink-4k]
 [started TASK: sysbench : Discover OCP-compatible NVMe devices on kci-18051236464-20-xfs-reflink-4k-dev]
 [started TASK: sysbench : Set OCP device list on kci-18051236464-20-xfs-reflink-4k]
 [started TASK: sysbench : Set OCP device list on kci-18051236464-20-xfs-reflink-4k-dev]
 [started TASK: sysbench : Start NVMe OCP SMART monitoring for each device on kci-18051236464-20-xfs-reflink-4k]
 [started TASK: sysbench : Start NVMe OCP SMART monitoring for each device on kci-18051236464-20-xfs-reflink-4k-dev]
 [started TASK: sysbench : Display OCP SMART monitoring startup status on kci-18051236464-20-xfs-reflink-4k]
 [started TASK: sysbench : Display OCP SMART monitoring startup status on kci-18051236464-20-xfs-reflink-4k-dev]
 [started TASK: sysbench : Create fragmentation scripts directory on kci-18051236464-20-xfs-reflink-4k]
 [started TASK: sysbench : Create fragmentation scripts directory on kci-18051236464-20-xfs-reflink-4k-dev]
 [started TASK: sysbench : Copy fragmentation monitoring scripts to target on kci-18051236464-20-xfs-reflink-4k]
 [started TASK: sysbench : Copy fragmentation monitoring scripts to target on kci-18051236464-20-xfs-reflink-4k-dev]
 [started TASK: sysbench : Create fragmentation monitoring output directory on kci-18051236464-20-xfs-reflink-4k]
 [started TASK: sysbench : Create fragmentation monitoring output directory on kci-18051236464-20-xfs-reflink-4k-dev]
 [started TASK: sysbench : Start fragmentation monitoring in background on kci-18051236464-20-xfs-reflink-4k]
 [started TASK: sysbench : Start fragmentation monitoring in background on kci-18051236464-20-xfs-reflink-4k-dev]
 [started TASK: sysbench : Save fragmentation monitor async job ID on kci-18051236464-20-xfs-reflink-4k]
 [started TASK: sysbench : Save fragmentation monitor async job ID on kci-18051236464-20-xfs-reflink-4k-dev]
 [started TASK: sysbench : Verify fragmentation monitoring started successfully on kci-18051236464-20-xfs-reflink-4k]
 [started TASK: sysbench : Verify fragmentation monitoring started successfully on kci-18051236464-20-xfs-reflink-4k-dev]
 [started TASK: sysbench : Display fragmentation monitoring status on kci-18051236464-20-xfs-reflink-4k]
 [started TASK: sysbench : Display fragmentation monitoring status on kci-18051236464-20-xfs-reflink-4k-dev]
 [started TASK: sysbench : Resolve sysbench device for A/B testing on kci-18051236464-20-xfs-reflink-4k]
 [started TASK: sysbench : Resolve sysbench device for A/B testing on kci-18051236464-20-xfs-reflink-4k-dev]
 [started TASK: sysbench : Determine filesystem setting used and db page size on kci-18051236464-20-xfs-reflink-4k]
 [started TASK: sysbench : Determine filesystem setting used and db page size on kci-18051236464-20-xfs-reflink-4k-dev]
 [started TASK: sysbench : Remove any old sysbench container on kci-18051236464-20-xfs-reflink-4k]
 [started TASK: sysbench : Remove any old sysbench container on kci-18051236464-20-xfs-reflink-4k-dev]
 [started TASK: sysbench : Remove any old MySQL container on kci-18051236464-20-xfs-reflink-4k]
 [started TASK: sysbench : Remove any old MySQL container on kci-18051236464-20-xfs-reflink-4k-dev]
 [started TASK: sysbench : Set sysbench_mysql_innodb_doublewrite based on ansible_host on kci-18051236464-20-xfs-reflink-4k]
 [started TASK: sysbench : Set sysbench_mysql_innodb_doublewrite based on ansible_host on kci-18051236464-20-xfs-reflink-4k-dev]
 [started TASK: sysbench : Set sysbench_mysql_innodb_doublewrite based on ansible_host on kci-18051236464-20-xfs-reflink-4k]
 [started TASK: sysbench : Set sysbench_mysql_innodb_doublewrite based on ansible_host on kci-18051236464-20-xfs-reflink-4k-dev]
 [started TASK: sysbench : Get used target kernel version on kci-18051236464-20-xfs-reflink-4k]
 [started TASK: sysbench : Get used target kernel version on kci-18051236464-20-xfs-reflink-4k-dev]
 [started TASK: sysbench : Store last kernel variable on kci-18051236464-20-xfs-reflink-4k]
 [started TASK: sysbench : Ensure the results directory exists on the localhost on kci-18051236464-20-xfs-reflink-4k]
 [started TASK: sysbench : Ensure the results directory exists on the localhost for each node locally on kci-18051236464-20-xfs-reflink-4k]
 [started TASK: sysbench : Ensure the results directory exists on the localhost for each node locally on kci-18051236464-20-xfs-reflink-4k-dev]
 [started TASK: sysbench : Document used target kernel version on kci-18051236464-20-xfs-reflink-4k]
 [started TASK: sysbench : Document double write buffer setting on node on kci-18051236464-20-xfs-reflink-4k]
 [started TASK: sysbench : Document double write buffer setting on node on kci-18051236464-20-xfs-reflink-4k-dev]
 [started TASK: sysbench : Document db page size setting on node on kci-18051236464-20-xfs-reflink-4k]
 [started TASK: sysbench : Document db page size setting on node on kci-18051236464-20-xfs-reflink-4k-dev]
 [started TASK: sysbench : Start MySQL Docker container on kci-18051236464-20-xfs-reflink-4k]
 [started TASK: sysbench : Start MySQL Docker container on kci-18051236464-20-xfs-reflink-4k-dev]
 [started TASK: sysbench : Wait for for it... (MySQL data port to be up) on kci-18051236464-20-xfs-reflink-4k]
 [started TASK: sysbench : Wait for for it... (MySQL data port to be up) on kci-18051236464-20-xfs-reflink-4k-dev]
 [started TASK: sysbench : Wait for MySQL socket file inside Docker container on kci-18051236464-20-xfs-reflink-4k]
 [started TASK: sysbench : Wait for MySQL socket file inside Docker container on kci-18051236464-20-xfs-reflink-4k-dev]
 [started TASK: sysbench : Verify MySQL client works inside Docker container using explicit socket on kci-18051236464-20-xfs-reflink-4k]
 [started TASK: sysbench : Verify MySQL client works inside Docker container using explicit socket on kci-18051236464-20-xfs-reflink-4k-dev]
 [started TASK: sysbench : Save MySQL client explicit socket test output to a file on the host on kci-18051236464-20-xfs-reflink-4k]
 [started TASK: sysbench : Save MySQL client explicit socket test output to a file on the host on kci-18051236464-20-xfs-reflink-4k-dev]
 [started TASK: sysbench : Verify MySQL client works on server and capture output on kci-18051236464-20-xfs-reflink-4k]
 [started TASK: sysbench : Verify MySQL client works on server and capture output on kci-18051236464-20-xfs-reflink-4k-dev]
 [started TASK: sysbench : Save MySQL client socket test output to a file on the host on kci-18051236464-20-xfs-reflink-4k]
 [started TASK: sysbench : Save MySQL client socket test output to a file on the host on kci-18051236464-20-xfs-reflink-4k-dev]
 [started TASK: sysbench : Add sysbench test user using the MySQL container on kci-18051236464-20-xfs-reflink-4k]
 [started TASK: sysbench : Add sysbench test user using the MySQL container on kci-18051236464-20-xfs-reflink-4k-dev]
 [started TASK: sysbench : Save MySQL output of adding sysbench user on kci-18051236464-20-xfs-reflink-4k]
 [started TASK: sysbench : Save MySQL output of adding sysbench user on kci-18051236464-20-xfs-reflink-4k-dev]
 [started TASK: sysbench : Grant sysbench test user privileges using the MySQL container on kci-18051236464-20-xfs-reflink-4k]
 [started TASK: sysbench : Grant sysbench test user privileges using the MySQL container on kci-18051236464-20-xfs-reflink-4k-dev]
 [started TASK: sysbench : Save MySQL output of granting all privileges to sysbench user on kci-18051236464-20-xfs-reflink-4k]
 [started TASK: sysbench : Save MySQL output of granting all privileges to sysbench user on kci-18051236464-20-xfs-reflink-4k-dev]
 [started TASK: sysbench : Flush privileges on kci-18051236464-20-xfs-reflink-4k]
 [started TASK: sysbench : Flush privileges on kci-18051236464-20-xfs-reflink-4k-dev]
 [started TASK: sysbench : Install pip using MySQL container on kci-18051236464-20-xfs-reflink-4k]
 [started TASK: sysbench : Install pip using MySQL container on kci-18051236464-20-xfs-reflink-4k-dev]
 [started TASK: sysbench : Save MySQL output of installing pip on kci-18051236464-20-xfs-reflink-4k]
 [started TASK: sysbench : Save MySQL output of installing pip on kci-18051236464-20-xfs-reflink-4k-dev]
 [started TASK: sysbench : Install Python packages we need for telemetry pip using the MySQL container on kci-18051236464-20-xfs-reflink-4k]
 [started TASK: sysbench : Install Python packages we need for telemetry pip using the MySQL container on kci-18051236464-20-xfs-reflink-4k-dev]
 [started TASK: sysbench : Save MySQL output of installing telemetry reqs with pip on kci-18051236464-20-xfs-reflink-4k]
 [started TASK: sysbench : Save MySQL output of installing telemetry reqs with pip on kci-18051236464-20-xfs-reflink-4k-dev]
 [started TASK: sysbench : Ensure sysbench user is present on the mysql container on kci-18051236464-20-xfs-reflink-4k]
 [started TASK: sysbench : Ensure sysbench user is present on the mysql container on kci-18051236464-20-xfs-reflink-4k-dev]
 [started TASK: sysbench : Remove the sysbench container on kci-18051236464-20-xfs-reflink-4k]
 [started TASK: sysbench : Remove the sysbench container on kci-18051236464-20-xfs-reflink-4k-dev]
 [started TASK: sysbench : Start a sysbench container we will re-use for population and running the test on kci-18051236464-20-xfs-reflink-4k]
 [started TASK: sysbench : Start a sysbench container we will re-use for population and running the test on kci-18051236464-20-xfs-reflink-4k-dev]
 [started TASK: sysbench : Wait for the sysbench container to be in running state on kci-18051236464-20-xfs-reflink-4k]
 [started TASK: sysbench : Wait for the sysbench container to be in running state on kci-18051236464-20-xfs-reflink-4k-dev]
 [started TASK: sysbench : Use the sysbench container to populate the sysbench database on kci-18051236464-20-xfs-reflink-4k]
 [started TASK: sysbench : Use the sysbench container to populate the sysbench database on kci-18051236464-20-xfs-reflink-4k-dev]
 [started TASK: sysbench : Save the output of popuating the initial sysench database on kci-18051236464-20-xfs-reflink-4k]
 [started TASK: sysbench : Save the output of popuating the initial sysench database on kci-18051236464-20-xfs-reflink-4k-dev]
 [started TASK: sysbench : Run sysbench benchmark workload against MySQL on kci-18051236464-20-xfs-reflink-4k]
 [started TASK: sysbench : Run sysbench benchmark workload against MySQL on kci-18051236464-20-xfs-reflink-4k-dev]
 [started TASK: sysbench : Collect MySQL telemetry inside the Docker MySQL container at the same time on kci-18051236464-20-xfs-reflink-4k]
 [started TASK: sysbench : Collect MySQL telemetry inside the Docker MySQL container at the same time on kci-18051236464-20-xfs-reflink-4k-dev]
 [started TASK: sysbench : Wait for sysbench workload to complete on kci-18051236464-20-xfs-reflink-4k]
 [started TASK: sysbench : Wait for sysbench workload to complete on kci-18051236464-20-xfs-reflink-4k-dev]
 [started TASK: sysbench : Move sysbench async results file to telemetry on kci-18051236464-20-xfs-reflink-4k]
 [started TASK: sysbench : Move sysbench async results file to telemetry on kci-18051236464-20-xfs-reflink-4k-dev]
 [started TASK: sysbench : Fetch sysbench container logs on kci-18051236464-20-xfs-reflink-4k]
 [started TASK: sysbench : Fetch sysbench container logs on kci-18051236464-20-xfs-reflink-4k-dev]
 [started TASK: sysbench : Save sysbench logs to a file on the local machine on kci-18051236464-20-xfs-reflink-4k]
 [started TASK: sysbench : Save sysbench logs to a file on the local machine on kci-18051236464-20-xfs-reflink-4k-dev]
 [started TASK: sysbench : Collect sysbench docker logs for MySQL container on kci-18051236464-20-xfs-reflink-4k]
 [started TASK: sysbench : Collect sysbench docker logs for MySQL container on kci-18051236464-20-xfs-reflink-4k-dev]
 [started TASK: sysbench : Save docker MySQL logs on node on kci-18051236464-20-xfs-reflink-4k]
 [started TASK: sysbench : Save docker MySQL logs on node on kci-18051236464-20-xfs-reflink-4k-dev]
 [started TASK: sysbench : Remove the sysbench container which ran the benchmark on kci-18051236464-20-xfs-reflink-4k]
 [started TASK: sysbench : Remove the sysbench container which ran the benchmark on kci-18051236464-20-xfs-reflink-4k-dev]
 [started TASK: sysbench : Copy telemetry data from each node to the localhost on kci-18051236464-20-xfs-reflink-4k]
 [started TASK: sysbench : Copy telemetry data from each node to the localhost on kci-18051236464-20-xfs-reflink-4k-dev]
 [started TASK: sysbench : Gather kernel logs from each node on kci-18051236464-20-xfs-reflink-4k]
 [started TASK: sysbench : Gather kernel logs from each node on kci-18051236464-20-xfs-reflink-4k-dev]
 [started TASK: sysbench : Save kernel logs to local file per node on kci-18051236464-20-xfs-reflink-4k]
 [started TASK: sysbench : Save kernel logs to local file per node on kci-18051236464-20-xfs-reflink-4k-dev]
 [started TASK: sysbench : Gather memory fragmentation index on each node on kci-18051236464-20-xfs-reflink-4k]
 [started TASK: sysbench : Gather memory fragmentation index on each node on kci-18051236464-20-xfs-reflink-4k-dev]
 [started TASK: sysbench : Save memory fragmentation index per node on kci-18051236464-20-xfs-reflink-4k]
 [started TASK: sysbench : Save memory fragmentation index per node on kci-18051236464-20-xfs-reflink-4k-dev]
 [started TASK: sysbench : Gather memory unusable index on each node on kci-18051236464-20-xfs-reflink-4k]
 [started TASK: sysbench : Gather memory unusable index on each node on kci-18051236464-20-xfs-reflink-4k-dev]
 [started TASK: sysbench : Save memory memory unusable index per node on kci-18051236464-20-xfs-reflink-4k]
 [started TASK: sysbench : Save memory memory unusable index per node on kci-18051236464-20-xfs-reflink-4k-dev]
 [started TASK: sysbench : Find directories under sysbench results target on kci-18051236464-20-xfs-reflink-4k]
 [started TASK: sysbench : Find directories under sysbench results target on kci-18051236464-20-xfs-reflink-4k-dev]
 [started TASK: sysbench : Check if sysbench_tps.txt exists in each directory on kci-18051236464-20-xfs-reflink-4k]
 [started TASK: sysbench : Check if sysbench_tps.txt exists in each directory on kci-18051236464-20-xfs-reflink-4k-dev]
 [started TASK: sysbench : Plot sysbench tps plot for each node on kci-18051236464-20-xfs-reflink-4k]
 [started TASK: sysbench : Plot sysbench tps plot for each node on kci-18051236464-20-xfs-reflink-4k-dev]
 [started TASK: sysbench : Plot sysbench tps non-atomic Vs atomic on kci-18051236464-20-xfs-reflink-4k]
 [started TASK: sysbench : Plot sysbench tps non-atomic Vs atomic on kci-18051236464-20-xfs-reflink-4k-dev]
 [started TASK: sysbench : Plot sysbench TPS variance on kci-18051236464-20-xfs-reflink-4k]
 [started TASK: sysbench : Plot sysbench TPS variance on kci-18051236464-20-xfs-reflink-4k-dev]
 [started TASK: sysbench : Resolve sysbench device for A/B testing on kci-18051236464-20-xfs-reflink-4k]
 [started TASK: sysbench : Resolve sysbench device for A/B testing on kci-18051236464-20-xfs-reflink-4k-dev]
 [started TASK: sysbench : Get number of processing units available on kci-18051236464-20-xfs-reflink-4k]
 [started TASK: sysbench : Get number of processing units available on kci-18051236464-20-xfs-reflink-4k-dev]
 [started TASK: sysbench : Set threads using nproc output on kci-18051236464-20-xfs-reflink-4k]
 [started TASK: sysbench : Set threads using nproc output on kci-18051236464-20-xfs-reflink-4k-dev]
 [started TASK: sysbench : Set threads manually on kci-18051236464-20-xfs-reflink-4k]
 [started TASK: sysbench : Set threads manually on kci-18051236464-20-xfs-reflink-4k-dev]
 [started TASK: sysbench : Ensure telemetry data directory exists on kci-18051236464-20-xfs-reflink-4k]
 [started TASK: sysbench : Ensure telemetry data directory exists on kci-18051236464-20-xfs-reflink-4k-dev]
 [started TASK: sysbench : Check if PostgreSQL Server is Running on kci-18051236464-20-xfs-reflink-4k]
 [started TASK: sysbench : Check if PostgreSQL Server is Running on kci-18051236464-20-xfs-reflink-4k-dev]
[WARNING]: Using world-readable permissions for temporary files Ansible needs
to create when becoming an unprivileged user. This may be insecure. For
information on securing this, see https://docs.ansible.com/ansible-
core/2.14/playbook_guide/playbooks_privilege_escalation.html#risks-of-becoming-
an-unprivileged-user#risks-of-becoming-an-unprivileged-user
[WARNING]: Using world-readable permissions for temporary files Ansible needs
to create when becoming an unprivileged user. This may be insecure. For
information on securing this, see https://docs.ansible.com/ansible-
core/2.14/playbook_guide/playbooks_privilege_escalation.html#risks-of-becoming-
an-unprivileged-user#risks-of-becoming-an-unprivileged-user
 [started TASK: sysbench : Stop the PostgreSQL Server on kci-18051236464-20-xfs-reflink-4k]
 [started TASK: sysbench : Stop the PostgreSQL Server on kci-18051236464-20-xfs-reflink-4k-dev]
 [started TASK: sysbench : Determine filesystem setting used and db page size on kci-18051236464-20-xfs-reflink-4k]
 [started TASK: sysbench : Determine filesystem setting used and db page size on kci-18051236464-20-xfs-reflink-4k-dev]
 [started TASK: sysbench : Set sysbench_postgresql_full_page_writes based on ansible_host on kci-18051236464-20-xfs-reflink-4k]
 [started TASK: sysbench : Set sysbench_postgresql_full_page_writes based on ansible_host on kci-18051236464-20-xfs-reflink-4k-dev]
 [started TASK: sysbench : Set sysbench_postgresql_full_page_writes based on ansible_host on kci-18051236464-20-xfs-reflink-4k]
 [started TASK: sysbench : Set sysbench_postgresql_full_page_writes based on ansible_host on kci-18051236464-20-xfs-reflink-4k-dev]
 [started TASK: sysbench : Get used target kernel version on kci-18051236464-20-xfs-reflink-4k]
 [started TASK: sysbench : Get used target kernel version on kci-18051236464-20-xfs-reflink-4k-dev]
 [started TASK: sysbench : Store last kernel variable on kci-18051236464-20-xfs-reflink-4k]
 [started TASK: sysbench : Ensure the results directory exists on the localhost on kci-18051236464-20-xfs-reflink-4k]
 [started TASK: sysbench : Ensure the results directory exists on the localhost for each node locally on kci-18051236464-20-xfs-reflink-4k]
 [started TASK: sysbench : Ensure the results directory exists on the localhost for each node locally on kci-18051236464-20-xfs-reflink-4k-dev]
 [started TASK: sysbench : Ensure the results directory exists on the localhost for each node locally on kci-18051236464-20-xfs-reflink-4k]
 [started TASK: sysbench : Ensure the results directory exists on the localhost for each node locally on kci-18051236464-20-xfs-reflink-4k-dev]
 [started TASK: sysbench : Document used target kernel version on kci-18051236464-20-xfs-reflink-4k]
 [started TASK: sysbench : Document full_page_writes setting on node on kci-18051236464-20-xfs-reflink-4k]
 [started TASK: sysbench : Document full_page_writes setting on node on kci-18051236464-20-xfs-reflink-4k-dev]
 [started TASK: sysbench : Document db blocksize setting on node on kci-18051236464-20-xfs-reflink-4k]
 [started TASK: sysbench : Document db blocksize setting on node on kci-18051236464-20-xfs-reflink-4k-dev]
 [started TASK: sysbench : Start the PostgreSQL server on kci-18051236464-20-xfs-reflink-4k]
 [started TASK: sysbench : Start the PostgreSQL server on kci-18051236464-20-xfs-reflink-4k-dev]
[WARNING]: Using world-readable permissions for temporary files Ansible needs
to create when becoming an unprivileged user. This may be insecure. For
information on securing this, see https://docs.ansible.com/ansible-
core/2.14/playbook_guide/playbooks_privilege_escalation.html#risks-of-becoming-
an-unprivileged-user#risks-of-becoming-an-unprivileged-user
[WARNING]: Using world-readable permissions for temporary files Ansible needs
to create when becoming an unprivileged user. This may be insecure. For
information on securing this, see https://docs.ansible.com/ansible-
core/2.14/playbook_guide/playbooks_privilege_escalation.html#risks-of-becoming-
an-unprivileged-user#risks-of-becoming-an-unprivileged-user
 [started TASK: sysbench : Create PostgreSQL database USER on kci-18051236464-20-xfs-reflink-4k]
 [started TASK: sysbench : Create PostgreSQL database USER on kci-18051236464-20-xfs-reflink-4k-dev]
[WARNING]: Using world-readable permissions for temporary files Ansible needs
to create when becoming an unprivileged user. This may be insecure. For
information on securing this, see https://docs.ansible.com/ansible-
core/2.14/playbook_guide/playbooks_privilege_escalation.html#risks-of-becoming-
an-unprivileged-user#risks-of-becoming-an-unprivileged-user
[WARNING]: Using world-readable permissions for temporary files Ansible needs
to create when becoming an unprivileged user. This may be insecure. For
information on securing this, see https://docs.ansible.com/ansible-
core/2.14/playbook_guide/playbooks_privilege_escalation.html#risks-of-becoming-
an-unprivileged-user#risks-of-becoming-an-unprivileged-user
 [started TASK: sysbench : Create PostgreSQL database DATABASE on kci-18051236464-20-xfs-reflink-4k]
 [started TASK: sysbench : Create PostgreSQL database DATABASE on kci-18051236464-20-xfs-reflink-4k-dev]
[WARNING]: Using world-readable permissions for temporary files Ansible needs
to create when becoming an unprivileged user. This may be insecure. For
information on securing this, see https://docs.ansible.com/ansible-
core/2.14/playbook_guide/playbooks_privilege_escalation.html#risks-of-becoming-
an-unprivileged-user#risks-of-becoming-an-unprivileged-user
[WARNING]: Using world-readable permissions for temporary files Ansible needs
to create when becoming an unprivileged user. This may be insecure. For
information on securing this, see https://docs.ansible.com/ansible-
core/2.14/playbook_guide/playbooks_privilege_escalation.html#risks-of-becoming-
an-unprivileged-user#risks-of-becoming-an-unprivileged-user
 [started TASK: sysbench : Grant USER privileges to DATABASE on kci-18051236464-20-xfs-reflink-4k]
 [started TASK: sysbench : Grant USER privileges to DATABASE on kci-18051236464-20-xfs-reflink-4k-dev]
[WARNING]: Using world-readable permissions for temporary files Ansible needs
to create when becoming an unprivileged user. This may be insecure. For
information on securing this, see https://docs.ansible.com/ansible-
core/2.14/playbook_guide/playbooks_privilege_escalation.html#risks-of-becoming-
an-unprivileged-user#risks-of-becoming-an-unprivileged-user
[WARNING]: Using world-readable permissions for temporary files Ansible needs
to create when becoming an unprivileged user. This may be insecure. For
information on securing this, see https://docs.ansible.com/ansible-
core/2.14/playbook_guide/playbooks_privilege_escalation.html#risks-of-becoming-
an-unprivileged-user#risks-of-becoming-an-unprivileged-user
 [started TASK: sysbench : Grant ALL public Privileges to DATABASE on kci-18051236464-20-xfs-reflink-4k]
 [started TASK: sysbench : Grant ALL public Privileges to DATABASE on kci-18051236464-20-xfs-reflink-4k-dev]
[WARNING]: Using world-readable permissions for temporary files Ansible needs
to create when becoming an unprivileged user. This may be insecure. For
information on securing this, see https://docs.ansible.com/ansible-
core/2.14/playbook_guide/playbooks_privilege_escalation.html#risks-of-becoming-
an-unprivileged-user#risks-of-becoming-an-unprivileged-user
[WARNING]: Using world-readable permissions for temporary files Ansible needs
to create when becoming an unprivileged user. This may be insecure. For
information on securing this, see https://docs.ansible.com/ansible-
core/2.14/playbook_guide/playbooks_privilege_escalation.html#risks-of-becoming-
an-unprivileged-user#risks-of-becoming-an-unprivileged-user
 [started TASK: sysbench : Test and Ensure Permissions are Set Correctly on kci-18051236464-20-xfs-reflink-4k]
 [started TASK: sysbench : Test and Ensure Permissions are Set Correctly on kci-18051236464-20-xfs-reflink-4k-dev]
[WARNING]: Using world-readable permissions for temporary files Ansible needs
to create when becoming an unprivileged user. This may be insecure. For
information on securing this, see https://docs.ansible.com/ansible-
core/2.14/playbook_guide/playbooks_privilege_escalation.html#risks-of-becoming-
an-unprivileged-user#risks-of-becoming-an-unprivileged-user
[WARNING]: Using world-readable permissions for temporary files Ansible needs
to create when becoming an unprivileged user. This may be insecure. For
information on securing this, see https://docs.ansible.com/ansible-
core/2.14/playbook_guide/playbooks_privilege_escalation.html#risks-of-becoming-
an-unprivileged-user#risks-of-becoming-an-unprivileged-user
 [started TASK: sysbench : Populate sysbench database on kci-18051236464-20-xfs-reflink-4k]
 [started TASK: sysbench : Populate sysbench database on kci-18051236464-20-xfs-reflink-4k-dev]
[WARNING]: Using world-readable permissions for temporary files Ansible needs
to create when becoming an unprivileged user. This may be insecure. For
information on securing this, see https://docs.ansible.com/ansible-
core/2.14/playbook_guide/playbooks_privilege_escalation.html#risks-of-becoming-
an-unprivileged-user#risks-of-becoming-an-unprivileged-user
[WARNING]: Using world-readable permissions for temporary files Ansible needs
to create when becoming an unprivileged user. This may be insecure. For
information on securing this, see https://docs.ansible.com/ansible-
core/2.14/playbook_guide/playbooks_privilege_escalation.html#risks-of-becoming-
an-unprivileged-user#risks-of-becoming-an-unprivileged-user

TASK [sysbench : Populate sysbench database] ***********************************
changed: [kci-18051236464-20-xfs-reflink-4k]
changed: [kci-18051236464-20-xfs-reflink-4k-dev]
 [started TASK: sysbench : Save the output of populating the initial sysbench database on kci-18051236464-20-xfs-reflink-4k]
 [started TASK: sysbench : Save the output of populating the initial sysbench database on kci-18051236464-20-xfs-reflink-4k-dev]
 [started TASK: sysbench : Start sysbench run on kci-18051236464-20-xfs-reflink-4k]
 [started TASK: sysbench : Start sysbench run on kci-18051236464-20-xfs-reflink-4k-dev]
[WARNING]: Using world-readable permissions for temporary files Ansible needs
to create when becoming an unprivileged user. This may be insecure. For
information on securing this, see https://docs.ansible.com/ansible-
core/2.14/playbook_guide/playbooks_privilege_escalation.html#risks-of-becoming-
an-unprivileged-user#risks-of-becoming-an-unprivileged-user
[WARNING]: Using world-readable permissions for temporary files Ansible needs
to create when becoming an unprivileged user. This may be insecure. For
information on securing this, see https://docs.ansible.com/ansible-
core/2.14/playbook_guide/playbooks_privilege_escalation.html#risks-of-becoming-
an-unprivileged-user#risks-of-becoming-an-unprivileged-user
 [started TASK: sysbench : Stop the PostgreSQL server (Smart Mode) on kci-18051236464-20-xfs-reflink-4k]
 [started TASK: sysbench : Stop the PostgreSQL server (Smart Mode) on kci-18051236464-20-xfs-reflink-4k-dev]
[WARNING]: Using world-readable permissions for temporary files Ansible needs
to create when becoming an unprivileged user. This may be insecure. For
information on securing this, see https://docs.ansible.com/ansible-
core/2.14/playbook_guide/playbooks_privilege_escalation.html#risks-of-becoming-
an-unprivileged-user#risks-of-becoming-an-unprivileged-user
[WARNING]: Using world-readable permissions for temporary files Ansible needs
to create when becoming an unprivileged user. This may be insecure. For
information on securing this, see https://docs.ansible.com/ansible-
core/2.14/playbook_guide/playbooks_privilege_escalation.html#risks-of-becoming-
an-unprivileged-user#risks-of-becoming-an-unprivileged-user

TASK [sysbench : Stop the PostgreSQL server (Smart Mode)] **********************
changed: [kci-18051236464-20-xfs-reflink-4k]
changed: [kci-18051236464-20-xfs-reflink-4k-dev]
 [started TASK: sysbench : Stop the PostgreSQL server (Fast Mode) on kci-18051236464-20-xfs-reflink-4k]
 [started TASK: sysbench : Stop the PostgreSQL server (Fast Mode) on kci-18051236464-20-xfs-reflink-4k-dev]
 [started TASK: sysbench : Stop the PostgreSQL server (Immediate Mode) on kci-18051236464-20-xfs-reflink-4k]
 [started TASK: sysbench : Stop the PostgreSQL server (Immediate Mode) on kci-18051236464-20-xfs-reflink-4k-dev]
 [started TASK: sysbench : Write sysbench run output to log file on kci-18051236464-20-xfs-reflink-4k]
 [started TASK: sysbench : Write sysbench run output to log file on kci-18051236464-20-xfs-reflink-4k-dev]

TASK [sysbench : Write sysbench run output to log file] ************************
changed: [kci-18051236464-20-xfs-reflink-4k-dev]
changed: [kci-18051236464-20-xfs-reflink-4k]
 [started TASK: sysbench : Collect PostgreSQL database cluster control information on kci-18051236464-20-xfs-reflink-4k]
 [started TASK: sysbench : Collect PostgreSQL database cluster control information on kci-18051236464-20-xfs-reflink-4k-dev]
[WARNING]: Using world-readable permissions for temporary files Ansible needs
to create when becoming an unprivileged user. This may be insecure. For
information on securing this, see https://docs.ansible.com/ansible-
core/2.14/playbook_guide/playbooks_privilege_escalation.html#risks-of-becoming-
an-unprivileged-user#risks-of-becoming-an-unprivileged-user
[WARNING]: Using world-readable permissions for temporary files Ansible needs
to create when becoming an unprivileged user. This may be insecure. For
information on securing this, see https://docs.ansible.com/ansible-
core/2.14/playbook_guide/playbooks_privilege_escalation.html#risks-of-becoming-
an-unprivileged-user#risks-of-becoming-an-unprivileged-user
 [started TASK: sysbench : Write PostgreSQL database cluster control information to log file on kci-18051236464-20-xfs-reflink-4k]
 [started TASK: sysbench : Write PostgreSQL database cluster control information to log file on kci-18051236464-20-xfs-reflink-4k-dev]

TASK [sysbench : Write PostgreSQL database cluster control information to log file] ***
changed: [kci-18051236464-20-xfs-reflink-4k]
changed: [kci-18051236464-20-xfs-reflink-4k-dev]
 [started TASK: sysbench : Copy telemetry data from each node to the localhost on kci-18051236464-20-xfs-reflink-4k]
 [started TASK: sysbench : Copy telemetry data from each node to the localhost on kci-18051236464-20-xfs-reflink-4k-dev]

TASK [sysbench : Copy telemetry data from each node to the localhost] **********
changed: [kci-18051236464-20-xfs-reflink-4k -> localhost]
changed: [kci-18051236464-20-xfs-reflink-4k-dev -> localhost]
 [started TASK: sysbench : Gather kernel logs from each node on kci-18051236464-20-xfs-reflink-4k]
 [started TASK: sysbench : Gather kernel logs from each node on kci-18051236464-20-xfs-reflink-4k-dev]
 [started TASK: sysbench : Save kernel logs to local file per node on kci-18051236464-20-xfs-reflink-4k]
 [started TASK: sysbench : Save kernel logs to local file per node on kci-18051236464-20-xfs-reflink-4k-dev]
 [started TASK: sysbench : Gather memory fragmentation index on each node on kci-18051236464-20-xfs-reflink-4k]
 [started TASK: sysbench : Gather memory fragmentation index on each node on kci-18051236464-20-xfs-reflink-4k-dev]
 [started TASK: sysbench : Save memory fragmentation index per node on kci-18051236464-20-xfs-reflink-4k]
 [started TASK: sysbench : Save memory fragmentation index per node on kci-18051236464-20-xfs-reflink-4k-dev]

TASK [sysbench : Save memory fragmentation index per node] *********************
changed: [kci-18051236464-20-xfs-reflink-4k -> localhost]
changed: [kci-18051236464-20-xfs-reflink-4k-dev -> localhost]
 [started TASK: sysbench : Gather memory unusable index on each node on kci-18051236464-20-xfs-reflink-4k]
 [started TASK: sysbench : Gather memory unusable index on each node on kci-18051236464-20-xfs-reflink-4k-dev]
 [started TASK: sysbench : Save memory unusable index per node on kci-18051236464-20-xfs-reflink-4k]
 [started TASK: sysbench : Save memory unusable index per node on kci-18051236464-20-xfs-reflink-4k-dev]

TASK [sysbench : Save memory unusable index per node] **************************
changed: [kci-18051236464-20-xfs-reflink-4k -> localhost]
changed: [kci-18051236464-20-xfs-reflink-4k-dev -> localhost]
 [started TASK: sysbench : Find directories under sysbench results target on kci-18051236464-20-xfs-reflink-4k]
 [started TASK: sysbench : Find directories under sysbench results target on kci-18051236464-20-xfs-reflink-4k-dev]
 [started TASK: sysbench : Check if sysbench_tps.txt exists in each directory on kci-18051236464-20-xfs-reflink-4k]
 [started TASK: sysbench : Check if sysbench_tps.txt exists in each directory on kci-18051236464-20-xfs-reflink-4k-dev]
 [started TASK: sysbench : Plot sysbench tps plot for each node on kci-18051236464-20-xfs-reflink-4k]
 [started TASK: sysbench : Plot sysbench tps plot for each node on kci-18051236464-20-xfs-reflink-4k-dev]
 [started TASK: sysbench : Plot sysbench tps non-atomic Vs atomic on kci-18051236464-20-xfs-reflink-4k]
 [started TASK: sysbench : Plot sysbench tps non-atomic Vs atomic on kci-18051236464-20-xfs-reflink-4k-dev]
 [started TASK: sysbench : Plot sysbench TPS variance on kci-18051236464-20-xfs-reflink-4k]
 [started TASK: sysbench : Plot sysbench TPS variance on kci-18051236464-20-xfs-reflink-4k-dev]
 [started TASK: sysbench : Debug monitoring collection start on kci-18051236464-20-xfs-reflink-4k]
 [started TASK: sysbench : Debug monitoring collection start on kci-18051236464-20-xfs-reflink-4k-dev]
 [started TASK: sysbench : Set fstests monitoring results path on kci-18051236464-20-xfs-reflink-4k]
 [started TASK: sysbench : Set fstests monitoring results path on kci-18051236464-20-xfs-reflink-4k-dev]
 [started TASK: sysbench : Set blktests monitoring results path on kci-18051236464-20-xfs-reflink-4k]
 [started TASK: sysbench : Set blktests monitoring results path on kci-18051236464-20-xfs-reflink-4k-dev]
 [started TASK: sysbench : Set workflow-appropriate monitoring results path on kci-18051236464-20-xfs-reflink-4k]
 [started TASK: sysbench : Set workflow-appropriate monitoring results path on kci-18051236464-20-xfs-reflink-4k-dev]
 [started TASK: sysbench : Create local monitoring results directory on kci-18051236464-20-xfs-reflink-4k]

TASK [sysbench : Create local monitoring results directory] ********************
changed: [kci-18051236464-20-xfs-reflink-4k -> localhost]
 [started TASK: sysbench : Check if folio migration monitoring was started on kci-18051236464-20-xfs-reflink-4k]
 [started TASK: sysbench : Check if folio migration monitoring was started on kci-18051236464-20-xfs-reflink-4k-dev]
 [started TASK: sysbench : Stop folio migration monitoring on kci-18051236464-20-xfs-reflink-4k]
 [started TASK: sysbench : Stop folio migration monitoring on kci-18051236464-20-xfs-reflink-4k-dev]
 [started TASK: sysbench : Display stop monitoring status on kci-18051236464-20-xfs-reflink-4k]
 [started TASK: sysbench : Display stop monitoring status on kci-18051236464-20-xfs-reflink-4k-dev]
 [started TASK: sysbench : Check if monitoring data was collected on kci-18051236464-20-xfs-reflink-4k]
 [started TASK: sysbench : Check if monitoring data was collected on kci-18051236464-20-xfs-reflink-4k-dev]
 [started TASK: sysbench : Copy plot_migration_stats.py to target on kci-18051236464-20-xfs-reflink-4k]
 [started TASK: sysbench : Copy plot_migration_stats.py to target on kci-18051236464-20-xfs-reflink-4k-dev]
 [started TASK: sysbench : Check if matplotlib is available for plotting on kci-18051236464-20-xfs-reflink-4k]
 [started TASK: sysbench : Check if matplotlib is available for plotting on kci-18051236464-20-xfs-reflink-4k-dev]
 [started TASK: sysbench : Generate folio migration plots on kci-18051236464-20-xfs-reflink-4k]
 [started TASK: sysbench : Generate folio migration plots on kci-18051236464-20-xfs-reflink-4k-dev]
 [started TASK: sysbench : Log plot generation skip if matplotlib not available on kci-18051236464-20-xfs-reflink-4k]
 [started TASK: sysbench : Log plot generation skip if matplotlib not available on kci-18051236464-20-xfs-reflink-4k-dev]
 [started TASK: sysbench : Copy folio migration stats data to localhost on kci-18051236464-20-xfs-reflink-4k]
 [started TASK: sysbench : Copy folio migration stats data to localhost on kci-18051236464-20-xfs-reflink-4k-dev]
 [started TASK: sysbench : Check if plot was generated on kci-18051236464-20-xfs-reflink-4k]
 [started TASK: sysbench : Check if plot was generated on kci-18051236464-20-xfs-reflink-4k-dev]
 [started TASK: sysbench : Copy folio migration plot to localhost on kci-18051236464-20-xfs-reflink-4k]
 [started TASK: sysbench : Copy folio migration plot to localhost on kci-18051236464-20-xfs-reflink-4k-dev]
 [started TASK: sysbench : Display monitoring data collection summary on kci-18051236464-20-xfs-reflink-4k]
 [started TASK: sysbench : Display monitoring data collection summary on kci-18051236464-20-xfs-reflink-4k-dev]
 [started TASK: sysbench : Check if matplotlib is available on localhost for folio migration on kci-18051236464-20-xfs-reflink-4k]
 [started TASK: sysbench : Generate folio migration plots on localhost on kci-18051236464-20-xfs-reflink-4k]
 [started TASK: sysbench : Generate folio migration plots on localhost on kci-18051236464-20-xfs-reflink-4k-dev]
 [started TASK: sysbench : Log localhost plot generation status on kci-18051236464-20-xfs-reflink-4k]
 [started TASK: sysbench : Log localhost plot generation status on kci-18051236464-20-xfs-reflink-4k-dev]
 [started TASK: sysbench : Check if NVMe OCP SMART monitoring is enabled on kci-18051236464-20-xfs-reflink-4k]
 [started TASK: sysbench : Check if NVMe OCP SMART monitoring is enabled on kci-18051236464-20-xfs-reflink-4k-dev]
 [started TASK: sysbench : Check for NVMe OCP SMART monitoring processes on kci-18051236464-20-xfs-reflink-4k]
 [started TASK: sysbench : Check for NVMe OCP SMART monitoring processes on kci-18051236464-20-xfs-reflink-4k-dev]
 [started TASK: sysbench : Stop NVMe OCP SMART monitoring processes on kci-18051236464-20-xfs-reflink-4k]
 [started TASK: sysbench : Stop NVMe OCP SMART monitoring processes on kci-18051236464-20-xfs-reflink-4k-dev]
 [started TASK: sysbench : Collect NVMe OCP SMART monitoring data files on kci-18051236464-20-xfs-reflink-4k]
 [started TASK: sysbench : Collect NVMe OCP SMART monitoring data files on kci-18051236464-20-xfs-reflink-4k-dev]
 [started TASK: sysbench : Copy NVMe OCP SMART monitoring data to localhost on kci-18051236464-20-xfs-reflink-4k]
 [started TASK: sysbench : Copy NVMe OCP SMART monitoring data to localhost on kci-18051236464-20-xfs-reflink-4k-dev]
 [started TASK: sysbench : Display NVMe OCP SMART data collection summary on kci-18051236464-20-xfs-reflink-4k]
 [started TASK: sysbench : Display NVMe OCP SMART data collection summary on kci-18051236464-20-xfs-reflink-4k-dev]
 [started TASK: sysbench : Set monitoring results path on kci-18051236464-20-xfs-reflink-4k]
 [started TASK: sysbench : Set monitoring results path on kci-18051236464-20-xfs-reflink-4k-dev]
 [started TASK: sysbench : Check if fragmentation monitoring was started on kci-18051236464-20-xfs-reflink-4k]
 [started TASK: sysbench : Check if fragmentation monitoring was started on kci-18051236464-20-xfs-reflink-4k-dev]
 [started TASK: sysbench : Stop fragmentation monitoring on kci-18051236464-20-xfs-reflink-4k]
 [started TASK: sysbench : Stop fragmentation monitoring on kci-18051236464-20-xfs-reflink-4k-dev]
 [started TASK: sysbench : Display stop fragmentation monitoring status on kci-18051236464-20-xfs-reflink-4k]
 [started TASK: sysbench : Display stop fragmentation monitoring status on kci-18051236464-20-xfs-reflink-4k-dev]
 [started TASK: sysbench : Generate fragmentation visualization on kci-18051236464-20-xfs-reflink-4k]
 [started TASK: sysbench : Generate fragmentation visualization on kci-18051236464-20-xfs-reflink-4k-dev]
 [started TASK: sysbench : Set monitoring results path on kci-18051236464-20-xfs-reflink-4k]
 [started TASK: sysbench : Set monitoring results path on kci-18051236464-20-xfs-reflink-4k-dev]
 [started TASK: sysbench : List fragmentation monitoring output files on kci-18051236464-20-xfs-reflink-4k]
 [started TASK: sysbench : List fragmentation monitoring output files on kci-18051236464-20-xfs-reflink-4k-dev]
 [started TASK: sysbench : Create local fragmentation results directory on kci-18051236464-20-xfs-reflink-4k]
 [started TASK: sysbench : Copy fragmentation monitoring data to localhost on kci-18051236464-20-xfs-reflink-4k]
 [started TASK: sysbench : Copy fragmentation monitoring data to localhost on kci-18051236464-20-xfs-reflink-4k-dev]
 [started TASK: sysbench : Display fragmentation monitoring collection summary on kci-18051236464-20-xfs-reflink-4k]
 [started TASK: sysbench : Display fragmentation monitoring collection summary on kci-18051236464-20-xfs-reflink-4k-dev]
 [started TASK: sysbench : Check if fragmentation JSON files exist for comparison on kci-18051236464-20-xfs-reflink-4k]
 [started TASK: sysbench : Generate fragmentation comparison plots on kci-18051236464-20-xfs-reflink-4k]
 [started TASK: sysbench : Display comparison generation results on kci-18051236464-20-xfs-reflink-4k]
 [started TASK: sysbench : Display comparison generation results on kci-18051236464-20-xfs-reflink-4k-dev]
 [started TASK: sysbench : Generate monitoring visualizations on kci-18051236464-20-xfs-reflink-4k]
 [started TASK: sysbench : Generate monitoring visualizations on kci-18051236464-20-xfs-reflink-4k-dev]

PLAY RECAP *********************************************************************
kci-18051236464-20-xfs-reflink-4k : ok=60   changed=9    unreachable=0    failed=0    skipped=110  rescued=0    ignored=0   
kci-18051236464-20-xfs-reflink-4k-dev : ok=48   changed=7    unreachable=0    failed=0    skipped=104  rescued=0    ignored=0   


TASKS RECAP ********************************************************************
Friday 03 October 2025  17:56:46 -0400 (0:07:09.898)       0:07:09.898 ******** 
=============================================================================== 
sysbench : Start sysbench run ----------------------------------------- 361.75s
sysbench : Plot sysbench TPS variance ----------------------------------- 7.38s
sysbench : Plot sysbench tps plot for each node ------------------------- 7.04s
Gathering Facts --------------------------------------------------------- 3.45s
sysbench : Stop the PostgreSQL server (Smart Mode) ---------------------- 3.24s
sysbench : Write sysbench run output to log file ------------------------ 3.01s
sysbench : Plot sysbench tps non-atomic Vs atomic ----------------------- 2.81s
sysbench : Populate sysbench database ----------------------------------- 2.03s
sysbench : Write PostgreSQL database cluster control information to log file --- 1.86s
sysbench : Start the PostgreSQL server ---------------------------------- 1.71s
sysbench : Check if PostgreSQL Server is Running ------------------------ 1.66s
sysbench : Save the output of populating the initial sysbench database --- 1.65s
sysbench : Grant ALL public Privileges to DATABASE ---------------------- 1.64s
sysbench : Collect PostgreSQL database cluster control information ------ 1.61s
sysbench : Test and Ensure Permissions are Set Correctly ---------------- 1.60s
sysbench : Create PostgreSQL database DATABASE -------------------------- 1.59s
sysbench : Grant USER privileges to DATABASE ---------------------------- 1.59s
sysbench : Create PostgreSQL database USER ------------------------------ 1.56s
sysbench : Ensure telemetry data directory exists ----------------------- 1.27s
sysbench : Create monitoring directory for OCP SMART logs --------------- 1.06s
----------------------------------------

